graphene-ideal/armchair/N13 density 0.0023: 1000 spectra (agnr_lib_IL_1e-5) in 245.18s (wall 0.2452 s/spec, worker compute median 2.7212 s/spec)
graphene-ideal/armchair/N13 density 0.0050: 1000 spectra (agnr_lib_IL_1e-5) in 274.00s (wall 0.2740 s/spec, worker compute median 3.1344 s/spec)
graphene-ideal/armchair/N13 density 0.0077: 1000 spectra (agnr_lib_IL_1e-5) in 264.18s (wall 0.2642 s/spec, worker compute median 2.7515 s/spec)
graphene-ideal/armchair/N13 density 0.0100: 1000 spectra (agnr_lib_IL_1e-5) in 270.17s (wall 0.2702 s/spec, worker compute median 2.8829 s/spec)
graphene-ideal/armchair/N13 density 0.0123: 1000 spectra (agnr_lib_IL_1e-5) in 260.57s (wall 0.2606 s/spec, worker compute median 2.7650 s/spec)
graphene-ideal/armchair/N13 density 0.0150: 1000 spectra (agnr_lib_IL_1e-5) in 254.19s (wall 0.2542 s/spec, worker compute median 2.7009 s/spec)
graphene-ideal/armchair/N13 density 0.0177: 1000 spectra (agnr_lib_IL_1e-5) in 255.87s (wall 0.2559 s/spec, worker compute median 2.7173 s/spec)
graphene-ideal/armchair/N13 density 0.0200: 1000 spectra (agnr_lib_IL_1e-5) in 255.88s (wall 0.2559 s/spec, worker compute median 2.7037 s/spec)
graphene-ideal/armchair/N13 density 0.0223: 1000 spectra (agnr_lib_IL_1e-5) in 256.68s (wall 0.2567 s/spec, worker compute median 2.7144 s/spec)
graphene-ideal/armchair/N13 density 0.0250: 1000 spectra (agnr_lib_IL_1e-5) in 256.56s (wall 0.2566 s/spec, worker compute median 2.7142 s/spec)
graphene-ideal/armchair/N13 density 0.0277: 1000 spectra (agnr_lib_IL_1e-5) in 257.17s (wall 0.2572 s/spec, worker compute median 2.7214 s/spec)
graphene-ideal/armchair/N13 density 0.0300: 1000 spectra (agnr_lib_IL_1e-5) in 257.60s (wall 0.2576 s/spec, worker compute median 2.7422 s/spec)
graphene-ideal/armchair/N13 density 0.0323: 1000 spectra (agnr_lib_IL_1e-5) in 258.25s (wall 0.2582 s/spec, worker compute median 2.7294 s/spec)
graphene-ideal/armchair/N13 density 0.0350: 1000 spectra (agnr_lib_IL_1e-5) in 258.42s (wall 0.2584 s/spec, worker compute median 2.7441 s/spec)
graphene-ideal/armchair/N13 density 0.0377: 1000 spectra (agnr_lib_IL_1e-5) in 259.78s (wall 0.2598 s/spec, worker compute median 2.7485 s/spec)
graphene-ideal/armchair/N13 density 0.0400: 1000 spectra (agnr_lib_IL_1e-5) in 259.27s (wall 0.2593 s/spec, worker compute median 2.7498 s/spec)
graphene-ideal/armchair/N13 density 0.0427: 1000 spectra (agnr_lib_IL_1e-5) in 259.11s (wall 0.2591 s/spec, worker compute median 2.7459 s/spec)
graphene-ideal/armchair/N13 density 0.0450: 1000 spectra (agnr_lib_IL_1e-5) in 260.20s (wall 0.2602 s/spec, worker compute median 2.7971 s/spec)
graphene-ideal/armchair/N13 density 0.0477: 1000 spectra (agnr_lib_IL_1e-5) in 260.17s (wall 0.2602 s/spec, worker compute median 2.7614 s/spec)
graphene-ideal/armchair/N13 density 0.0500: 1000 spectra (agnr_lib_IL_1e-5) in 260.77s (wall 0.2608 s/spec, worker compute median 2.7593 s/spec)
graphene-ideal/armchair/N13 density 0.0523: 1000 spectra (agnr_lib_IL_1e-5) in 261.26s (wall 0.2613 s/spec, worker compute median 2.7864 s/spec)
graphene-ideal/armchair/N13 density 0.0550: 1000 spectra (agnr_lib_IL_1e-5) in 261.14s (wall 0.2611 s/spec, worker compute median 2.7686 s/spec)
graphene-ideal/armchair/N13 density 0.0577: 1000 spectra (agnr_lib_IL_1e-5) in 261.77s (wall 0.2618 s/spec, worker compute median 2.7713 s/spec)
graphene-ideal/armchair/N13 density 0.0600: 1000 spectra (agnr_lib_IL_1e-5) in 261.98s (wall 0.2620 s/spec, worker compute median 2.7878 s/spec)
hbn/armchair/N9 density 0.0022: 1000 spectra (caroli) in 125.98s (wall 0.1260 s/spec, worker compute median 1.2059 s/spec)
hbn/armchair/N9 density 0.0050: 1000 spectra (caroli) in 126.69s (wall 0.1267 s/spec, worker compute median 1.2129 s/spec)
hbn/armchair/N9 density 0.0078: 1000 spectra (caroli) in 126.56s (wall 0.1266 s/spec, worker compute median 1.2130 s/spec)
hbn/armchair/N9 density 0.0100: 1000 spectra (caroli) in 126.65s (wall 0.1267 s/spec, worker compute median 1.2210 s/spec)
hbn/armchair/N9 density 0.0122: 1000 spectra (caroli) in 126.32s (wall 0.1263 s/spec, worker compute median 1.2046 s/spec)
hbn/armchair/N9 density 0.0150: 1000 spectra (caroli) in 126.22s (wall 0.1262 s/spec, worker compute median 1.2080 s/spec)
hbn/armchair/N9 density 0.0178: 1000 spectra (caroli) in 126.38s (wall 0.1264 s/spec, worker compute median 1.2131 s/spec)
hbn/armchair/N9 density 0.0200: 1000 spectra (caroli) in 127.35s (wall 0.1274 s/spec, worker compute median 1.2143 s/spec)
hbn/armchair/N9 density 0.0222: 1000 spectra (caroli) in 127.02s (wall 0.1270 s/spec, worker compute median 1.2084 s/spec)
hbn/armchair/N9 density 0.0250: 1000 spectra (caroli) in 127.01s (wall 0.1270 s/spec, worker compute median 1.2211 s/spec)
hbn/armchair/N9 density 0.0278: 1000 spectra (caroli) in 126.40s (wall 0.1264 s/spec, worker compute median 1.2133 s/spec)
hbn/armchair/N9 density 0.0300: 1000 spectra (caroli) in 126.84s (wall 0.1268 s/spec, worker compute median 1.2137 s/spec)
hbn/armchair/N9 density 0.0322: 1000 spectra (caroli) in 126.87s (wall 0.1269 s/spec, worker compute median 1.2038 s/spec)
hbn/armchair/N9 density 0.0350: 1000 spectra (caroli) in 126.70s (wall 0.1267 s/spec, worker compute median 1.2112 s/spec)
hbn/armchair/N9 density 0.0378: 1000 spectra (caroli) in 126.45s (wall 0.1264 s/spec, worker compute median 1.2144 s/spec)
hbn/armchair/N9 density 0.0400: 1000 spectra (caroli) in 126.16s (wall 0.1262 s/spec, worker compute median 1.2097 s/spec)
hbn/armchair/N9 density 0.0422: 1000 spectra (caroli) in 126.70s (wall 0.1267 s/spec, worker compute median 1.2175 s/spec)
hbn/armchair/N9 density 0.0450: 1000 spectra (caroli) in 126.67s (wall 0.1267 s/spec, worker compute median 1.2107 s/spec)
hbn/armchair/N9 density 0.0478: 1000 spectra (caroli) in 126.07s (wall 0.1261 s/spec, worker compute median 1.2074 s/spec)
hbn/armchair/N9 density 0.0500: 1000 spectra (caroli) in 126.93s (wall 0.1269 s/spec, worker compute median 1.2116 s/spec)
hbn/armchair/N9 density 0.0522: 1000 spectra (caroli) in 126.47s (wall 0.1265 s/spec, worker compute median 1.2046 s/spec)
hbn/armchair/N9 density 0.0550: 1000 spectra (caroli) in 126.65s (wall 0.1266 s/spec, worker compute median 1.2157 s/spec)
hbn/armchair/N9 density 0.0578: 1000 spectra (caroli) in 126.86s (wall 0.1269 s/spec, worker compute median 1.2234 s/spec)
hbn/armchair/N9 density 0.0600: 1000 spectra (caroli) in 126.98s (wall 0.1270 s/spec, worker compute median 1.2109 s/spec)
phosphorene/armchair/N9 density 0.0022: 1000 spectra (caroli) in 120.38s (wall 0.1204 s/spec, worker compute median 1.1390 s/spec)
phosphorene/armchair/N9 density 0.0050: 1000 spectra (caroli) in 120.31s (wall 0.1203 s/spec, worker compute median 1.1483 s/spec)
phosphorene/armchair/N9 density 0.0078: 1000 spectra (caroli) in 121.10s (wall 0.1211 s/spec, worker compute median 1.1617 s/spec)
phosphorene/armchair/N9 density 0.0100: 1000 spectra (caroli) in 121.12s (wall 0.1211 s/spec, worker compute median 1.1582 s/spec)
phosphorene/armchair/N9 density 0.0122: 1000 spectra (caroli) in 120.75s (wall 0.1208 s/spec, worker compute median 1.1493 s/spec)
phosphorene/armchair/N9 density 0.0150: 1000 spectra (caroli) in 121.34s (wall 0.1213 s/spec, worker compute median 1.1459 s/spec)
phosphorene/armchair/N9 density 0.0178: 1000 spectra (caroli) in 120.97s (wall 0.1210 s/spec, worker compute median 1.1554 s/spec)
phosphorene/armchair/N9 density 0.0200: 1000 spectra (caroli) in 121.08s (wall 0.1211 s/spec, worker compute median 1.1530 s/spec)
phosphorene/armchair/N9 density 0.0222: 1000 spectra (caroli) in 121.35s (wall 0.1213 s/spec, worker compute median 1.1534 s/spec)
phosphorene/armchair/N9 density 0.0250: 1000 spectra (caroli) in 122.18s (wall 0.1222 s/spec, worker compute median 1.1543 s/spec)
phosphorene/armchair/N9 density 0.0278: 1000 spectra (caroli) in 120.81s (wall 0.1208 s/spec, worker compute median 1.1476 s/spec)
phosphorene/armchair/N9 density 0.0300: 1000 spectra (caroli) in 121.23s (wall 0.1212 s/spec, worker compute median 1.1548 s/spec)
phosphorene/armchair/N9 density 0.0322: 1000 spectra (caroli) in 121.32s (wall 0.1213 s/spec, worker compute median 1.1584 s/spec)
phosphorene/armchair/N9 density 0.0350: 1000 spectra (caroli) in 121.40s (wall 0.1214 s/spec, worker compute median 1.1496 s/spec)
phosphorene/armchair/N9 density 0.0378: 1000 spectra (caroli) in 121.62s (wall 0.1216 s/spec, worker compute median 1.1551 s/spec)
phosphorene/armchair/N9 density 0.0400: 1000 spectra (caroli) in 121.50s (wall 0.1215 s/spec, worker compute median 1.1567 s/spec)
phosphorene/armchair/N9 density 0.0422: 1000 spectra (caroli) in 121.57s (wall 0.1216 s/spec, worker compute median 1.1525 s/spec)
phosphorene/armchair/N9 density 0.0450: 1000 spectra (caroli) in 121.32s (wall 0.1213 s/spec, worker compute median 1.1644 s/spec)
phosphorene/armchair/N9 density 0.0478: 1000 spectra (caroli) in 121.06s (wall 0.1211 s/spec, worker compute median 1.1560 s/spec)
phosphorene/armchair/N9 density 0.0500: 1000 spectra (caroli) in 122.09s (wall 0.1221 s/spec, worker compute median 1.1608 s/spec)
phosphorene/armchair/N9 density 0.0522: 1000 spectra (caroli) in 121.95s (wall 0.1219 s/spec, worker compute median 1.1560 s/spec)
phosphorene/armchair/N9 density 0.0550: 1000 spectra (caroli) in 121.77s (wall 0.1218 s/spec, worker compute median 1.1577 s/spec)
phosphorene/armchair/N9 density 0.0578: 1000 spectra (caroli) in 121.81s (wall 0.1218 s/spec, worker compute median 1.1652 s/spec)
phosphorene/armchair/N9 density 0.0600: 1000 spectra (caroli) in 121.22s (wall 0.1212 s/spec, worker compute median 1.1536 s/spec)
mos2/zigzag/N9 density 0.0022: 1000 spectra (caroli) in 94.85s (wall 0.0948 s/spec, worker compute median 0.8735 s/spec)
mos2/zigzag/N9 density 0.0044: 1000 spectra (caroli) in 94.85s (wall 0.0948 s/spec, worker compute median 0.8689 s/spec)
mos2/zigzag/N9 density 0.0078: 1000 spectra (caroli) in 93.92s (wall 0.0939 s/spec, worker compute median 0.8687 s/spec)
mos2/zigzag/N9 density 0.0100: 1000 spectra (caroli) in 94.61s (wall 0.0946 s/spec, worker compute median 0.8716 s/spec)
mos2/zigzag/N9 density 0.0122: 1000 spectra (caroli) in 94.38s (wall 0.0944 s/spec, worker compute median 0.8704 s/spec)
mos2/zigzag/N9 density 0.0156: 1000 spectra (caroli) in 94.82s (wall 0.0948 s/spec, worker compute median 0.8775 s/spec)
mos2/zigzag/N9 density 0.0178: 1000 spectra (caroli) in 94.45s (wall 0.0945 s/spec, worker compute median 0.8751 s/spec)
mos2/zigzag/N9 density 0.0200: 1000 spectra (caroli) in 95.10s (wall 0.0951 s/spec, worker compute median 0.8751 s/spec)
mos2/zigzag/N9 density 0.0222: 1000 spectra (caroli) in 95.85s (wall 0.0959 s/spec, worker compute median 0.8818 s/spec)
mos2/zigzag/N9 density 0.0244: 1000 spectra (caroli) in 94.90s (wall 0.0949 s/spec, worker compute median 0.8685 s/spec)
mos2/zigzag/N9 density 0.0278: 1000 spectra (caroli) in 96.05s (wall 0.0960 s/spec, worker compute median 0.8802 s/spec)
mos2/zigzag/N9 density 0.0300: 1000 spectra (caroli) in 95.51s (wall 0.0955 s/spec, worker compute median 0.8777 s/spec)
mos2/zigzag/N9 density 0.0322: 1000 spectra (caroli) in 96.05s (wall 0.0960 s/spec, worker compute median 0.8825 s/spec)
mos2/zigzag/N9 density 0.0356: 1000 spectra (caroli) in 96.15s (wall 0.0961 s/spec, worker compute median 0.8903 s/spec)
mos2/zigzag/N9 density 0.0378: 1000 spectra (caroli) in 94.80s (wall 0.0948 s/spec, worker compute median 0.8805 s/spec)
mos2/zigzag/N9 density 0.0400: 1000 spectra (caroli) in 95.03s (wall 0.0950 s/spec, worker compute median 0.8806 s/spec)
mos2/zigzag/N9 density 0.0422: 1000 spectra (caroli) in 96.29s (wall 0.0963 s/spec, worker compute median 0.8905 s/spec)
mos2/zigzag/N9 density 0.0444: 1000 spectra (caroli) in 94.67s (wall 0.0947 s/spec, worker compute median 0.8795 s/spec)
mos2/zigzag/N9 density 0.0478: 1000 spectra (caroli) in 95.81s (wall 0.0958 s/spec, worker compute median 0.8833 s/spec)
mos2/zigzag/N9 density 0.0500: 1000 spectra (caroli) in 96.01s (wall 0.0960 s/spec, worker compute median 0.8874 s/spec)
mos2/zigzag/N9 density 0.0522: 1000 spectra (caroli) in 94.50s (wall 0.0945 s/spec, worker compute median 0.8728 s/spec)
mos2/zigzag/N9 density 0.0556: 1000 spectra (caroli) in 95.46s (wall 0.0955 s/spec, worker compute median 0.8816 s/spec)
mos2/zigzag/N9 density 0.0578: 1000 spectra (caroli) in 96.05s (wall 0.0961 s/spec, worker compute median 0.8813 s/spec)
mos2/zigzag/N9 density 0.0600: 1000 spectra (caroli) in 95.80s (wall 0.0958 s/spec, worker compute median 0.8853 s/spec)
triangular/zigzag/N9 density 0.0022: 1000 spectra (caroli) in 42.63s (wall 0.0426 s/spec, worker compute median 0.2602 s/spec)
triangular/zigzag/N9 density 0.0044: 1000 spectra (caroli) in 43.74s (wall 0.0437 s/spec, worker compute median 0.2591 s/spec)
triangular/zigzag/N9 density 0.0078: 1000 spectra (caroli) in 43.48s (wall 0.0435 s/spec, worker compute median 0.2591 s/spec)
triangular/zigzag/N9 density 0.0100: 1000 spectra (caroli) in 42.98s (wall 0.0430 s/spec, worker compute median 0.2592 s/spec)
triangular/zigzag/N9 density 0.0122: 1000 spectra (caroli) in 43.51s (wall 0.0435 s/spec, worker compute median 0.2632 s/spec)
triangular/zigzag/N9 density 0.0156: 1000 spectra (caroli) in 43.08s (wall 0.0431 s/spec, worker compute median 0.2605 s/spec)
triangular/zigzag/N9 density 0.0178: 1000 spectra (caroli) in 43.23s (wall 0.0432 s/spec, worker compute median 0.2594 s/spec)
triangular/zigzag/N9 density 0.0200: 1000 spectra (caroli) in 43.53s (wall 0.0435 s/spec, worker compute median 0.2597 s/spec)
triangular/zigzag/N9 density 0.0222: 1000 spectra (caroli) in 43.28s (wall 0.0433 s/spec, worker compute median 0.2602 s/spec)
triangular/zigzag/N9 density 0.0244: 1000 spectra (caroli) in 43.47s (wall 0.0435 s/spec, worker compute median 0.2604 s/spec)
triangular/zigzag/N9 density 0.0278: 1000 spectra (caroli) in 43.17s (wall 0.0432 s/spec, worker compute median 0.2602 s/spec)
triangular/zigzag/N9 density 0.0300: 1000 spectra (caroli) in 43.53s (wall 0.0435 s/spec, worker compute median 0.2617 s/spec)
triangular/zigzag/N9 density 0.0322: 1000 spectra (caroli) in 43.01s (wall 0.0430 s/spec, worker compute median 0.2590 s/spec)
triangular/zigzag/N9 density 0.0356: 1000 spectra (caroli) in 42.90s (wall 0.0429 s/spec, worker compute median 0.2599 s/spec)
triangular/zigzag/N9 density 0.0378: 1000 spectra (caroli) in 42.77s (wall 0.0428 s/spec, worker compute median 0.2600 s/spec)
triangular/zigzag/N9 density 0.0400: 1000 spectra (caroli) in 42.75s (wall 0.0428 s/spec, worker compute median 0.2608 s/spec)
triangular/zigzag/N9 density 0.0422: 1000 spectra (caroli) in 42.90s (wall 0.0429 s/spec, worker compute median 0.2602 s/spec)
triangular/zigzag/N9 density 0.0444: 1000 spectra (caroli) in 43.14s (wall 0.0431 s/spec, worker compute median 0.2605 s/spec)
triangular/zigzag/N9 density 0.0478: 1000 spectra (caroli) in 43.28s (wall 0.0433 s/spec, worker compute median 0.2617 s/spec)
triangular/zigzag/N9 density 0.0500: 1000 spectra (caroli) in 43.42s (wall 0.0434 s/spec, worker compute median 0.2635 s/spec)
triangular/zigzag/N9 density 0.0522: 1000 spectra (caroli) in 42.71s (wall 0.0427 s/spec, worker compute median 0.2616 s/spec)
triangular/zigzag/N9 density 0.0556: 1000 spectra (caroli) in 42.64s (wall 0.0426 s/spec, worker compute median 0.2612 s/spec)
triangular/zigzag/N9 density 0.0578: 1000 spectra (caroli) in 42.70s (wall 0.0427 s/spec, worker compute median 0.2602 s/spec)
triangular/zigzag/N9 density 0.0600: 1000 spectra (caroli) in 43.45s (wall 0.0435 s/spec, worker compute median 0.2621 s/spec)
