wse2/zigzag/N14 density 0.0050: 1000 spectra (caroli) in 184.99s (wall 0.1850 s/spec, worker compute median 2.0631 s/spec)
wse2/zigzag/N14 density 0.0100: 1000 spectra (caroli) in 201.47s (wall 0.2015 s/spec, worker compute median 2.0935 s/spec)
wse2/zigzag/N14 density 0.0200: 1000 spectra (caroli) in 201.18s (wall 0.2012 s/spec, worker compute median 2.1031 s/spec)
wse2/zigzag/N14 density 0.0400: 1000 spectra (caroli) in 205.49s (wall 0.2055 s/spec, worker compute median 2.1313 s/spec)
ws2/armchair/N7 density 0.0050: 1000 spectra (caroli) in 226.78s (wall 0.2268 s/spec, worker compute median 2.4009 s/spec)
ws2/armchair/N7 density 0.0100: 1000 spectra (caroli) in 234.80s (wall 0.2348 s/spec, worker compute median 2.5137 s/spec)
ws2/armchair/N7 density 0.0200: 1000 spectra (caroli) in 236.04s (wall 0.2360 s/spec, worker compute median 2.5216 s/spec)
ws2/armchair/N7 density 0.0400: 1000 spectra (caroli) in 236.37s (wall 0.2364 s/spec, worker compute median 2.5279 s/spec)
ws2/armchair/N9 density 0.0050: 1000 spectra (caroli) in 429.78s (wall 0.4298 s/spec, worker compute median 4.8842 s/spec)
ws2/armchair/N9 density 0.0100: 1000 spectra (caroli) in 438.85s (wall 0.4388 s/spec, worker compute median 5.2830 s/spec)
ws2/armchair/N9 density 0.0200: 1000 spectra (caroli) in 432.25s (wall 0.4323 s/spec, worker compute median 4.9169 s/spec)
ws2/armchair/N9 density 0.0400: 1000 spectra (caroli) in 426.50s (wall 0.4265 s/spec, worker compute median 4.8462 s/spec)
ws2/armchair/N14 density 0.0050: 1000 spectra (caroli) in 1308.90s (wall 1.3089 s/spec, worker compute median 15.1522 s/spec)
ws2/armchair/N14 density 0.0100: 1000 spectra (caroli) in 1299.69s (wall 1.2997 s/spec, worker compute median 15.0209 s/spec)
ws2/armchair/N14 density 0.0200: 1000 spectra (caroli) in 1296.23s (wall 1.2962 s/spec, worker compute median 15.1815 s/spec)
ws2/armchair/N14 density 0.0400: 1000 spectra (caroli) in 1289.28s (wall 1.2893 s/spec, worker compute median 15.0428 s/spec)
ws2/zigzag/N7 density 0.0057: 1000 spectra (caroli) in 79.08s (wall 0.0791 s/spec, worker compute median 0.6801 s/spec)
ws2/zigzag/N7 density 0.0100: 1000 spectra (caroli) in 80.21s (wall 0.0802 s/spec, worker compute median 0.6771 s/spec)
ws2/zigzag/N7 density 0.0200: 1000 spectra (caroli) in 80.02s (wall 0.0800 s/spec, worker compute median 0.6826 s/spec)
ws2/zigzag/N7 density 0.0400: 1000 spectra (caroli) in 80.02s (wall 0.0800 s/spec, worker compute median 0.6923 s/spec)
ws2/zigzag/N9 density 0.0044: 1000 spectra (caroli) in 108.80s (wall 0.1088 s/spec, worker compute median 1.0150 s/spec)
ws2/zigzag/N9 density 0.0100: 1000 spectra (caroli) in 110.20s (wall 0.1102 s/spec, worker compute median 1.0458 s/spec)
ws2/zigzag/N9 density 0.0200: 1000 spectra (caroli) in 112.50s (wall 0.1125 s/spec, worker compute median 1.0749 s/spec)
ws2/zigzag/N9 density 0.0400: 1000 spectra (caroli) in 107.93s (wall 0.1079 s/spec, worker compute median 1.0248 s/spec)
ws2/zigzag/N14 density 0.0050: 1000 spectra (caroli) in 235.89s (wall 0.2359 s/spec, worker compute median 2.5509 s/spec)
ws2/zigzag/N14 density 0.0100: 1000 spectra (caroli) in 238.44s (wall 0.2384 s/spec, worker compute median 2.5572 s/spec)
ws2/zigzag/N14 density 0.0200: 1000 spectra (caroli) in 244.81s (wall 0.2448 s/spec, worker compute median 2.7719 s/spec)
ws2/zigzag/N14 density 0.0400: 1000 spectra (caroli) in 233.47s (wall 0.2335 s/spec, worker compute median 2.4377 s/spec)
mose2/armchair/N7 density 0.0050: 1000 spectra (caroli) in 187.33s (wall 0.1873 s/spec, worker compute median 1.9541 s/spec)
mose2/armchair/N7 density 0.0100: 1000 spectra (caroli) in 190.23s (wall 0.1902 s/spec, worker compute median 1.9746 s/spec)
mose2/armchair/N7 density 0.0200: 1000 spectra (caroli) in 192.88s (wall 0.1929 s/spec, worker compute median 2.0119 s/spec)
mose2/armchair/N7 density 0.0400: 1000 spectra (caroli) in 190.55s (wall 0.1905 s/spec, worker compute median 1.9772 s/spec)
mose2/armchair/N9 density 0.0050: 1000 spectra (caroli) in 334.89s (wall 0.3349 s/spec, worker compute median 3.6883 s/spec)
mose2/armchair/N9 density 0.0100: 1000 spectra (caroli) in 448.03s (wall 0.4480 s/spec, worker compute median 6.4804 s/spec)
mose2/armchair/N9 density 0.0200: 1000 spectra (caroli) in 349.84s (wall 0.3498 s/spec, worker compute median 3.8829 s/spec)
mose2/armchair/N9 density 0.0400: 1000 spectra (caroli) in 340.75s (wall 0.3408 s/spec, worker compute median 3.7878 s/spec)
mose2/armchair/N14 density 0.0050: 1000 spectra (caroli) in 1045.45s (wall 1.0454 s/spec, worker compute median 12.0035 s/spec)
mose2/armchair/N14 density 0.0100: 1000 spectra (caroli) in 1050.89s (wall 1.0509 s/spec, worker compute median 12.1612 s/spec)
mose2/armchair/N14 density 0.0200: 1000 spectra (caroli) in 1027.64s (wall 1.0276 s/spec, worker compute median 11.6790 s/spec)
mose2/armchair/N14 density 0.0400: 1000 spectra (caroli) in 1037.96s (wall 1.0380 s/spec, worker compute median 11.9181 s/spec)
mose2/zigzag/N7 density 0.0057: 1000 spectra (caroli) in 68.81s (wall 0.0688 s/spec, worker compute median 0.5700 s/spec)
mose2/zigzag/N7 density 0.0100: 1000 spectra (caroli) in 68.89s (wall 0.0689 s/spec, worker compute median 0.5789 s/spec)
mose2/zigzag/N7 density 0.0200: 1000 spectra (caroli) in 69.15s (wall 0.0692 s/spec, worker compute median 0.5740 s/spec)
mose2/zigzag/N7 density 0.0400: 1000 spectra (caroli) in 69.17s (wall 0.0692 s/spec, worker compute median 0.5749 s/spec)
mose2/zigzag/N9 density 0.0044: 1000 spectra (caroli) in 93.84s (wall 0.0938 s/spec, worker compute median 0.8772 s/spec)
mose2/zigzag/N9 density 0.0100: 1000 spectra (caroli) in 94.12s (wall 0.0941 s/spec, worker compute median 0.8782 s/spec)
mose2/zigzag/N9 density 0.0200: 1000 spectra (caroli) in 94.99s (wall 0.0950 s/spec, worker compute median 0.8827 s/spec)
mose2/zigzag/N9 density 0.0400: 1000 spectra (caroli) in 95.59s (wall 0.0956 s/spec, worker compute median 0.8851 s/spec)
mose2/zigzag/N14 density 0.0050: 1000 spectra (caroli) in 196.65s (wall 0.1967 s/spec, worker compute median 2.1079 s/spec)
mose2/zigzag/N14 density 0.0100: 1000 spectra (caroli) in 196.23s (wall 0.1962 s/spec, worker compute median 2.1021 s/spec)
mose2/zigzag/N14 density 0.0200: 1000 spectra (caroli) in 197.44s (wall 0.1974 s/spec, worker compute median 2.1044 s/spec)
mose2/zigzag/N14 density 0.0400: 1000 spectra (caroli) in 199.02s (wall 0.1990 s/spec, worker compute median 2.1263 s/spec)
wse2/armchair/N7 density 0.0050: 1000 spectra (caroli) in 205.85s (wall 0.2058 s/spec, worker compute median 2.2111 s/spec)
wse2/armchair/N7 density 0.0100: 1000 spectra (caroli) in 207.18s (wall 0.2072 s/spec, worker compute median 2.2238 s/spec)
wse2/armchair/N7 density 0.0200: 1000 spectra (caroli) in 207.53s (wall 0.2075 s/spec, worker compute median 2.2288 s/spec)
wse2/armchair/N7 density 0.0400: 1000 spectra (caroli) in 207.84s (wall 0.2078 s/spec, worker compute median 2.2239 s/spec)
wse2/armchair/N9 density 0.0050: 1000 spectra (caroli) in 362.15s (wall 0.3622 s/spec, worker compute median 4.0535 s/spec)
wse2/armchair/N9 density 0.0100: 1000 spectra (caroli) in 362.44s (wall 0.3624 s/spec, worker compute median 4.0519 s/spec)
wse2/armchair/N9 density 0.0200: 1000 spectra (caroli) in 362.91s (wall 0.3629 s/spec, worker compute median 4.0666 s/spec)
wse2/armchair/N9 density 0.0400: 1000 spectra (caroli) in 362.31s (wall 0.3623 s/spec, worker compute median 4.0772 s/spec)
wse2/armchair/N14 density 0.0050: 1000 spectra (caroli) in 1086.29s (wall 1.0863 s/spec, worker compute median 12.4240 s/spec)
wse2/armchair/N14 density 0.0100: 1000 spectra (caroli) in 1083.07s (wall 1.0831 s/spec, worker compute median 12.3984 s/spec)
wse2/armchair/N14 density 0.0200: 1000 spectra (caroli) in 1053.30s (wall 1.0533 s/spec, worker compute median 11.8140 s/spec)
wse2/armchair/N14 density 0.0400: 1000 spectra (caroli) in 1053.05s (wall 1.0530 s/spec, worker compute median 11.8537 s/spec)
wse2/zigzag/N7 density 0.0057: 1000 spectra (caroli) in 68.65s (wall 0.0687 s/spec, worker compute median 0.5593 s/spec)
wse2/zigzag/N7 density 0.0100: 1000 spectra (caroli) in 68.34s (wall 0.0683 s/spec, worker compute median 0.5616 s/spec)
wse2/zigzag/N7 density 0.0200: 1000 spectra (caroli) in 69.07s (wall 0.0691 s/spec, worker compute median 0.5654 s/spec)
wse2/zigzag/N7 density 0.0400: 1000 spectra (caroli) in 69.01s (wall 0.0690 s/spec, worker compute median 0.5678 s/spec)
wse2/zigzag/N9 density 0.0044: 1000 spectra (caroli) in 93.02s (wall 0.0930 s/spec, worker compute median 0.8556 s/spec)
wse2/zigzag/N9 density 0.0100: 1000 spectra (caroli) in 94.05s (wall 0.0941 s/spec, worker compute median 0.8557 s/spec)
wse2/zigzag/N9 density 0.0200: 1000 spectra (caroli) in 93.44s (wall 0.0934 s/spec, worker compute median 0.8591 s/spec)
wse2/zigzag/N9 density 0.0400: 1000 spectra (caroli) in 97.83s (wall 0.0978 s/spec, worker compute median 0.9102 s/spec)
silicene/armchair/N7 density 0.0050: 1000 spectra (caroli) in 54.40s (wall 0.0544 s/spec, worker compute median 0.3713 s/spec)
silicene/armchair/N7 density 0.0100: 1000 spectra (caroli) in 53.35s (wall 0.0534 s/spec, worker compute median 0.3837 s/spec)
silicene/armchair/N7 density 0.0200: 1000 spectra (caroli) in 54.98s (wall 0.0550 s/spec, worker compute median 0.3857 s/spec)
silicene/armchair/N7 density 0.0400: 1000 spectra (caroli) in 60.30s (wall 0.0603 s/spec, worker compute median 0.4968 s/spec)
silicene/armchair/N9 density 0.0050: 1000 spectra (caroli) in 70.68s (wall 0.0707 s/spec, worker compute median 0.6171 s/spec)
silicene/armchair/N9 density 0.0100: 1000 spectra (caroli) in 75.87s (wall 0.0759 s/spec, worker compute median 0.8864 s/spec)
silicene/armchair/N9 density 0.0200: 1000 spectra (caroli) in 78.22s (wall 0.0782 s/spec, worker compute median 0.9036 s/spec)
silicene/armchair/N9 density 0.0400: 1000 spectra (caroli) in 79.98s (wall 0.0800 s/spec, worker compute median 0.9106 s/spec)
silicene/armchair/N14 density 0.0050: 1000 spectra (caroli) in 129.53s (wall 0.1295 s/spec, worker compute median 1.7300 s/spec)
silicene/armchair/N14 density 0.0100: 1000 spectra (caroli) in 135.53s (wall 0.1355 s/spec, worker compute median 1.7660 s/spec)
silicene/armchair/N14 density 0.0200: 1000 spectra (caroli) in 152.96s (wall 0.1530 s/spec, worker compute median 1.8065 s/spec)
silicene/armchair/N14 density 0.0400: 1000 spectra (caroli) in 137.21s (wall 0.1372 s/spec, worker compute median 1.7845 s/spec)
silicene/zigzag/N7 density 0.0050: 1000 spectra (caroli) in 64.35s (wall 0.0644 s/spec, worker compute median 0.6974 s/spec)
silicene/zigzag/N7 density 0.0100: 1000 spectra (caroli) in 64.83s (wall 0.0648 s/spec, worker compute median 0.5719 s/spec)
silicene/zigzag/N7 density 0.0200: 1000 spectra (caroli) in 66.28s (wall 0.0663 s/spec, worker compute median 0.7188 s/spec)
silicene/zigzag/N7 density 0.0400: 1000 spectra (caroli) in 67.94s (wall 0.0679 s/spec, worker compute median 0.7227 s/spec)
silicene/zigzag/N9 density 0.0050: 1000 spectra (caroli) in 80.45s (wall 0.0805 s/spec, worker compute median 0.9292 s/spec)
silicene/zigzag/N9 density 0.0100: 1000 spectra (caroli) in 81.93s (wall 0.0819 s/spec, worker compute median 0.9348 s/spec)
silicene/zigzag/N9 density 0.0200: 1000 spectra (caroli) in 81.17s (wall 0.0812 s/spec, worker compute median 0.9159 s/spec)
silicene/zigzag/N9 density 0.0400: 1000 spectra (caroli) in 80.23s (wall 0.0802 s/spec, worker compute median 0.9352 s/spec)
silicene/zigzag/N14 density 0.0050: 1000 spectra (caroli) in 137.95s (wall 0.1379 s/spec, worker compute median 1.7814 s/spec)
silicene/zigzag/N14 density 0.0100: 1000 spectra (caroli) in 139.45s (wall 0.1394 s/spec, worker compute median 1.7940 s/spec)
silicene/zigzag/N14 density 0.0200: 1000 spectra (caroli) in 121.97s (wall 0.1220 s/spec, worker compute median 1.1900 s/spec)
silicene/zigzag/N14 density 0.0400: 1000 spectra (caroli) in 115.76s (wall 0.1158 s/spec, worker compute median 1.1119 s/spec)
germanene/armchair/N7 density 0.0050: 1000 spectra (caroli) in 54.63s (wall 0.0546 s/spec, worker compute median 0.3867 s/spec)
germanene/armchair/N7 density 0.0100: 1000 spectra (caroli) in 55.44s (wall 0.0554 s/spec, worker compute median 0.3853 s/spec)
germanene/armchair/N7 density 0.0200: 1000 spectra (caroli) in 55.58s (wall 0.0556 s/spec, worker compute median 0.3874 s/spec)
germanene/armchair/N7 density 0.0400: 1000 spectra (caroli) in 56.82s (wall 0.0568 s/spec, worker compute median 0.4147 s/spec)
germanene/armchair/N9 density 0.0050: 1000 spectra (caroli) in 67.96s (wall 0.0680 s/spec, worker compute median 0.5419 s/spec)
germanene/armchair/N9 density 0.0100: 1000 spectra (caroli) in 69.44s (wall 0.0694 s/spec, worker compute median 0.5424 s/spec)
germanene/armchair/N9 density 0.0200: 1000 spectra (caroli) in 68.84s (wall 0.0688 s/spec, worker compute median 0.5415 s/spec)
germanene/armchair/N9 density 0.0400: 1000 spectra (caroli) in 68.42s (wall 0.0684 s/spec, worker compute median 0.5433 s/spec)
germanene/armchair/N14 density 0.0050: 1000 spectra (caroli) in 116.26s (wall 0.1163 s/spec, worker compute median 1.0949 s/spec)
germanene/armchair/N14 density 0.0100: 1000 spectra (caroli) in 137.44s (wall 0.1374 s/spec, worker compute median 1.7722 s/spec)
germanene/armchair/N14 density 0.0200: 1000 spectra (caroli) in 123.79s (wall 0.1238 s/spec, worker compute median 1.1019 s/spec)
germanene/armchair/N14 density 0.0400: 1000 spectra (caroli) in 156.18s (wall 0.1562 s/spec, worker compute median 1.9676 s/spec)
germanene/zigzag/N7 density 0.0050: 1000 spectra (caroli) in 81.69s (wall 0.0817 s/spec, worker compute median 0.7593 s/spec)
germanene/zigzag/N7 density 0.0100: 1000 spectra (caroli) in 76.71s (wall 0.0767 s/spec, worker compute median 0.7573 s/spec)
germanene/zigzag/N7 density 0.0200: 1000 spectra (caroli) in 76.00s (wall 0.0760 s/spec, worker compute median 0.6926 s/spec)
germanene/zigzag/N7 density 0.0400: 1000 spectra (caroli) in 78.42s (wall 0.0784 s/spec, worker compute median 0.7468 s/spec)
germanene/zigzag/N9 density 0.0050: 1000 spectra (caroli) in 70.30s (wall 0.0703 s/spec, worker compute median 0.5938 s/spec)
germanene/zigzag/N9 density 0.0100: 1000 spectra (caroli) in 76.72s (wall 0.0767 s/spec, worker compute median 0.8688 s/spec)
germanene/zigzag/N9 density 0.0200: 1000 spectra (caroli) in 75.91s (wall 0.0759 s/spec, worker compute median 0.8697 s/spec)
germanene/zigzag/N9 density 0.0400: 1000 spectra (caroli) in 74.23s (wall 0.0742 s/spec, worker compute median 0.8626 s/spec)
germanene/zigzag/N14 density 0.0050: 1000 spectra (caroli) in 115.32s (wall 0.1153 s/spec, worker compute median 1.1558 s/spec)
germanene/zigzag/N14 density 0.0100: 1000 spectra (caroli) in 113.25s (wall 0.1133 s/spec, worker compute median 1.0576 s/spec)
germanene/zigzag/N14 density 0.0200: 1000 spectra (caroli) in 110.70s (wall 0.1107 s/spec, worker compute median 1.0408 s/spec)
germanene/zigzag/N14 density 0.0400: 1000 spectra (caroli) in 121.72s (wall 0.1217 s/spec, worker compute median 1.3629 s/spec)
kagome/armchair/N7 density 0.0050: 1000 spectra (caroli) in 186.48s (wall 0.1865 s/spec, worker compute median 2.5371 s/spec)
kagome/armchair/N7 density 0.0100: 1000 spectra (caroli) in 157.81s (wall 0.1578 s/spec, worker compute median 1.5873 s/spec)
kagome/armchair/N7 density 0.0200: 1000 spectra (caroli) in 155.43s (wall 0.1554 s/spec, worker compute median 1.5631 s/spec)
kagome/armchair/N7 density 0.0400: 1000 spectra (caroli) in 154.70s (wall 0.1547 s/spec, worker compute median 1.5646 s/spec)
kagome/armchair/N9 density 0.0050: 1000 spectra (caroli) in 264.88s (wall 0.2649 s/spec, worker compute median 2.8320 s/spec)
kagome/armchair/N9 density 0.0100: 1000 spectra (caroli) in 267.96s (wall 0.2680 s/spec, worker compute median 2.8650 s/spec)
kagome/armchair/N9 density 0.0200: 1000 spectra (caroli) in 274.22s (wall 0.2742 s/spec, worker compute median 2.9472 s/spec)
kagome/armchair/N9 density 0.0400: 1000 spectra (caroli) in 270.32s (wall 0.2703 s/spec, worker compute median 2.8782 s/spec)
kagome/armchair/N14 density 0.0050: 1000 spectra (caroli) in 870.19s (wall 0.8702 s/spec, worker compute median 10.4084 s/spec)
kagome/armchair/N14 density 0.0100: 1000 spectra (caroli) in 928.28s (wall 0.9283 s/spec, worker compute median 12.6026 s/spec)
kagome/armchair/N14 density 0.0200: 1000 spectra (caroli) in 922.77s (wall 0.9228 s/spec, worker compute median 12.2175 s/spec)
kagome/armchair/N14 density 0.0400: 1000 spectra (caroli) in 933.20s (wall 0.9332 s/spec, worker compute median 12.3062 s/spec)
kagome/zigzag/N7 density 0.0048: 1000 spectra (caroli) in 69.22s (wall 0.0692 s/spec, worker compute median 0.6763 s/spec)
kagome/zigzag/N7 density 0.0100: 1000 spectra (caroli) in 64.10s (wall 0.0641 s/spec, worker compute median 0.4566 s/spec)
kagome/zigzag/N7 density 0.0200: 1000 spectra (caroli) in 57.41s (wall 0.0574 s/spec, worker compute median 0.4266 s/spec)
kagome/zigzag/N7 density 0.0400: 1000 spectra (caroli) in 57.27s (wall 0.0573 s/spec, worker compute median 0.4303 s/spec)
kagome/zigzag/N9 density 0.0052: 1000 spectra (caroli) in 75.13s (wall 0.0751 s/spec, worker compute median 0.6461 s/spec)
kagome/zigzag/N9 density 0.0100: 1000 spectra (caroli) in 75.04s (wall 0.0750 s/spec, worker compute median 0.6477 s/spec)
kagome/zigzag/N9 density 0.0200: 1000 spectra (caroli) in 75.81s (wall 0.0758 s/spec, worker compute median 0.6504 s/spec)
kagome/zigzag/N9 density 0.0400: 1000 spectra (caroli) in 76.00s (wall 0.0760 s/spec, worker compute median 0.6623 s/spec)
kagome/zigzag/N14 density 0.0050: 1000 spectra (caroli) in 153.66s (wall 0.1537 s/spec, worker compute median 1.5531 s/spec)
kagome/zigzag/N14 density 0.0100: 1000 spectra (caroli) in 153.04s (wall 0.1530 s/spec, worker compute median 1.5487 s/spec)
kagome/zigzag/N14 density 0.0200: 1000 spectra (caroli) in 154.43s (wall 0.1544 s/spec, worker compute median 1.5673 s/spec)
kagome/zigzag/N14 density 0.0400: 1000 spectra (caroli) in 155.31s (wall 0.1553 s/spec, worker compute median 1.5778 s/spec)
lieb/strip/N7 density 0.0048: 1000 spectra (caroli) in 70.13s (wall 0.0701 s/spec, worker compute median 0.5805 s/spec)
lieb/strip/N7 density 0.0100: 1000 spectra (caroli) in 70.69s (wall 0.0707 s/spec, worker compute median 0.5864 s/spec)
lieb/strip/N7 density 0.0200: 1000 spectra (caroli) in 70.39s (wall 0.0704 s/spec, worker compute median 0.5849 s/spec)
lieb/strip/N7 density 0.0400: 1000 spectra (caroli) in 70.21s (wall 0.0702 s/spec, worker compute median 0.5862 s/spec)
lieb/strip/N9 density 0.0052: 1000 spectra (caroli) in 95.86s (wall 0.0959 s/spec, worker compute median 0.8879 s/spec)
lieb/strip/N9 density 0.0100: 1000 spectra (caroli) in 97.08s (wall 0.0971 s/spec, worker compute median 0.8963 s/spec)
lieb/strip/N9 density 0.0200: 1000 spectra (caroli) in 97.23s (wall 0.0972 s/spec, worker compute median 0.8943 s/spec)
lieb/strip/N9 density 0.0400: 1000 spectra (caroli) in 97.14s (wall 0.0971 s/spec, worker compute median 0.8979 s/spec)
lieb/strip/N14 density 0.0050: 1000 spectra (caroli) in 206.10s (wall 0.2061 s/spec, worker compute median 2.1637 s/spec)
lieb/strip/N14 density 0.0100: 1000 spectra (caroli) in 207.74s (wall 0.2077 s/spec, worker compute median 2.1697 s/spec)
lieb/strip/N14 density 0.0200: 1000 spectra (caroli) in 207.16s (wall 0.2072 s/spec, worker compute median 2.1671 s/spec)
lieb/strip/N14 density 0.0400: 1000 spectra (caroli) in 207.76s (wall 0.2078 s/spec, worker compute median 2.1771 s/spec)
checkerboard/strip/N7 density 0.0050: 1000 spectra (caroli) in 77.22s (wall 0.0772 s/spec, worker compute median 0.6631 s/spec)
checkerboard/strip/N7 density 0.0100: 1000 spectra (caroli) in 77.47s (wall 0.0775 s/spec, worker compute median 0.6658 s/spec)
checkerboard/strip/N7 density 0.0200: 1000 spectra (caroli) in 77.50s (wall 0.0775 s/spec, worker compute median 0.6701 s/spec)
checkerboard/strip/N7 density 0.0400: 1000 spectra (caroli) in 77.40s (wall 0.0774 s/spec, worker compute median 0.6727 s/spec)
checkerboard/strip/N9 density 0.0050: 1000 spectra (caroli) in 114.84s (wall 0.1148 s/spec, worker compute median 1.0970 s/spec)
checkerboard/strip/N9 density 0.0100: 1000 spectra (caroli) in 115.29s (wall 0.1153 s/spec, worker compute median 1.1046 s/spec)
checkerboard/strip/N9 density 0.0200: 1000 spectra (caroli) in 115.03s (wall 0.1150 s/spec, worker compute median 1.1032 s/spec)
checkerboard/strip/N9 density 0.0400: 1000 spectra (caroli) in 115.56s (wall 0.1156 s/spec, worker compute median 1.1099 s/spec)
checkerboard/strip/N14 density 0.0050: 1000 spectra (caroli) in 290.03s (wall 0.2900 s/spec, worker compute median 3.0789 s/spec)
checkerboard/strip/N14 density 0.0100: 1000 spectra (caroli) in 290.74s (wall 0.2907 s/spec, worker compute median 3.0780 s/spec)
checkerboard/strip/N14 density 0.0200: 1000 spectra (caroli) in 295.38s (wall 0.2954 s/spec, worker compute median 3.1701 s/spec)
checkerboard/strip/N14 density 0.0400: 1000 spectra (caroli) in 296.94s (wall 0.2969 s/spec, worker compute median 3.1731 s/spec)
