hbn/armchair/N7 density 0.0050: 1000 spectra (caroli) in 88.94s (wall 0.0889 s/spec, worker compute median 0.7743 s/spec)
hbn/armchair/N7 density 0.0100: 1000 spectra (caroli) in 106.71s (wall 0.1067 s/spec, worker compute median 0.9969 s/spec)
hbn/armchair/N7 density 0.0200: 1000 spectra (caroli) in 104.90s (wall 0.1049 s/spec, worker compute median 0.9491 s/spec)
hbn/armchair/N7 density 0.0400: 1000 spectra (caroli) in 107.55s (wall 0.1075 s/spec, worker compute median 1.0091 s/spec)
hbn/armchair/N9 density 0.0050: 1000 spectra (caroli) in 132.54s (wall 0.1325 s/spec, worker compute median 1.2798 s/spec)
hbn/armchair/N9 density 0.0100: 1000 spectra (caroli) in 137.15s (wall 0.1372 s/spec, worker compute median 1.3654 s/spec)
hbn/armchair/N9 density 0.0200: 1000 spectra (caroli) in 135.61s (wall 0.1356 s/spec, worker compute median 1.3999 s/spec)
hbn/armchair/N9 density 0.0400: 1000 spectra (caroli) in 135.45s (wall 0.1355 s/spec, worker compute median 1.3872 s/spec)
hbn/armchair/N14 density 0.0050: 1000 spectra (caroli) in 323.93s (wall 0.3239 s/spec, worker compute median 4.6671 s/spec)
hbn/armchair/N14 density 0.0100: 1000 spectra (caroli) in 271.49s (wall 0.2715 s/spec, worker compute median 2.8238 s/spec)
hbn/armchair/N14 density 0.0200: 1000 spectra (caroli) in 246.59s (wall 0.2466 s/spec, worker compute median 2.6275 s/spec)
hbn/armchair/N14 density 0.0400: 1000 spectra (caroli) in 271.98s (wall 0.2720 s/spec, worker compute median 3.0108 s/spec)
hbn/zigzag/N7 density 0.0050: 1000 spectra (caroli) in 129.90s (wall 0.1299 s/spec, worker compute median 1.7110 s/spec)
hbn/zigzag/N7 density 0.0100: 1000 spectra (caroli) in 108.56s (wall 0.1086 s/spec, worker compute median 0.9967 s/spec)
hbn/zigzag/N7 density 0.0200: 1000 spectra (caroli) in 110.27s (wall 0.1103 s/spec, worker compute median 1.0506 s/spec)
hbn/zigzag/N7 density 0.0400: 1000 spectra (caroli) in 107.13s (wall 0.1071 s/spec, worker compute median 0.9797 s/spec)
hbn/zigzag/N9 density 0.0050: 1000 spectra (caroli) in 129.87s (wall 0.1299 s/spec, worker compute median 1.2518 s/spec)
hbn/zigzag/N9 density 0.0100: 1000 spectra (caroli) in 130.20s (wall 0.1302 s/spec, worker compute median 1.2644 s/spec)
hbn/zigzag/N9 density 0.0200: 1000 spectra (caroli) in 133.05s (wall 0.1331 s/spec, worker compute median 1.2897 s/spec)
hbn/zigzag/N9 density 0.0400: 1000 spectra (caroli) in 130.39s (wall 0.1304 s/spec, worker compute median 1.2583 s/spec)
hbn/zigzag/N14 density 0.0050: 1000 spectra (caroli) in 241.69s (wall 0.2417 s/spec, worker compute median 2.5749 s/spec)
hbn/zigzag/N14 density 0.0100: 1000 spectra (caroli) in 241.91s (wall 0.2419 s/spec, worker compute median 2.5589 s/spec)
hbn/zigzag/N14 density 0.0200: 1000 spectra (caroli) in 243.54s (wall 0.2435 s/spec, worker compute median 2.5857 s/spec)
hbn/zigzag/N14 density 0.0400: 1000 spectra (caroli) in 244.24s (wall 0.2442 s/spec, worker compute median 2.5850 s/spec)
phosphorene/armchair/N7 density 0.0050: 1000 spectra (caroli) in 97.96s (wall 0.0980 s/spec, worker compute median 0.8828 s/spec)
phosphorene/armchair/N7 density 0.0100: 1000 spectra (caroli) in 97.78s (wall 0.0978 s/spec, worker compute median 0.8701 s/spec)
phosphorene/armchair/N7 density 0.0200: 1000 spectra (caroli) in 97.81s (wall 0.0978 s/spec, worker compute median 0.8776 s/spec)
phosphorene/armchair/N7 density 0.0400: 1000 spectra (caroli) in 98.03s (wall 0.0980 s/spec, worker compute median 0.8769 s/spec)
phosphorene/armchair/N9 density 0.0050: 1000 spectra (caroli) in 121.35s (wall 0.1214 s/spec, worker compute median 1.1631 s/spec)
phosphorene/armchair/N9 density 0.0100: 1000 spectra (caroli) in 121.17s (wall 0.1212 s/spec, worker compute median 1.1588 s/spec)
phosphorene/armchair/N9 density 0.0200: 1000 spectra (caroli) in 123.05s (wall 0.1231 s/spec, worker compute median 1.1758 s/spec)
phosphorene/armchair/N9 density 0.0400: 1000 spectra (caroli) in 122.06s (wall 0.1221 s/spec, worker compute median 1.1673 s/spec)
phosphorene/armchair/N14 density 0.0050: 1000 spectra (caroli) in 227.31s (wall 0.2273 s/spec, worker compute median 2.3936 s/spec)
phosphorene/armchair/N14 density 0.0100: 1000 spectra (caroli) in 226.84s (wall 0.2268 s/spec, worker compute median 2.3934 s/spec)
phosphorene/armchair/N14 density 0.0200: 1000 spectra (caroli) in 227.83s (wall 0.2278 s/spec, worker compute median 2.3982 s/spec)
phosphorene/armchair/N14 density 0.0400: 1000 spectra (caroli) in 228.68s (wall 0.2287 s/spec, worker compute median 2.4099 s/spec)
phosphorene/zigzag/N7 density 0.0050: 1000 spectra (caroli) in 97.78s (wall 0.0978 s/spec, worker compute median 0.8747 s/spec)
phosphorene/zigzag/N7 density 0.0100: 1000 spectra (caroli) in 99.38s (wall 0.0994 s/spec, worker compute median 0.8901 s/spec)
phosphorene/zigzag/N7 density 0.0200: 1000 spectra (caroli) in 98.92s (wall 0.0989 s/spec, worker compute median 0.8876 s/spec)
phosphorene/zigzag/N7 density 0.0400: 1000 spectra (caroli) in 98.45s (wall 0.0985 s/spec, worker compute median 0.8812 s/spec)
phosphorene/zigzag/N9 density 0.0050: 1000 spectra (caroli) in 122.20s (wall 0.1222 s/spec, worker compute median 1.1579 s/spec)
phosphorene/zigzag/N9 density 0.0100: 1000 spectra (caroli) in 122.66s (wall 0.1227 s/spec, worker compute median 1.1657 s/spec)
phosphorene/zigzag/N9 density 0.0200: 1000 spectra (caroli) in 122.37s (wall 0.1224 s/spec, worker compute median 1.1704 s/spec)
phosphorene/zigzag/N9 density 0.0400: 1000 spectra (caroli) in 122.78s (wall 0.1228 s/spec, worker compute median 1.1711 s/spec)
phosphorene/zigzag/N14 density 0.0050: 1000 spectra (caroli) in 226.67s (wall 0.2267 s/spec, worker compute median 2.3822 s/spec)
phosphorene/zigzag/N14 density 0.0100: 1000 spectra (caroli) in 227.18s (wall 0.2272 s/spec, worker compute median 2.3916 s/spec)
phosphorene/zigzag/N14 density 0.0200: 1000 spectra (caroli) in 227.48s (wall 0.2275 s/spec, worker compute median 2.3911 s/spec)
phosphorene/zigzag/N14 density 0.0400: 1000 spectra (caroli) in 227.63s (wall 0.2276 s/spec, worker compute median 2.3958 s/spec)
mos2/armchair/N7 density 0.0050: 1000 spectra (caroli) in 201.01s (wall 0.2010 s/spec, worker compute median 2.0979 s/spec)
mos2/armchair/N7 density 0.0100: 1000 spectra (caroli) in 201.17s (wall 0.2012 s/spec, worker compute median 2.1135 s/spec)
mos2/armchair/N7 density 0.0200: 1000 spectra (caroli) in 201.78s (wall 0.2018 s/spec, worker compute median 2.1072 s/spec)
mos2/armchair/N7 density 0.0400: 1000 spectra (caroli) in 201.36s (wall 0.2014 s/spec, worker compute median 2.1124 s/spec)
mos2/armchair/N9 density 0.0050: 1000 spectra (caroli) in 351.68s (wall 0.3517 s/spec, worker compute median 3.8387 s/spec)
mos2/armchair/N9 density 0.0100: 1000 spectra (caroli) in 353.15s (wall 0.3532 s/spec, worker compute median 3.8546 s/spec)
mos2/armchair/N9 density 0.0200: 1000 spectra (caroli) in 351.24s (wall 0.3512 s/spec, worker compute median 3.8196 s/spec)
mos2/armchair/N9 density 0.0400: 1000 spectra (caroli) in 348.87s (wall 0.3489 s/spec, worker compute median 3.8261 s/spec)
mos2/armchair/N14 density 0.0050: 1000 spectra (caroli) in 1065.33s (wall 1.0653 s/spec, worker compute median 11.9125 s/spec)
mos2/armchair/N14 density 0.0100: 1000 spectra (caroli) in 1068.77s (wall 1.0688 s/spec, worker compute median 11.9762 s/spec)
mos2/armchair/N14 density 0.0200: 1000 spectra (caroli) in 1068.60s (wall 1.0686 s/spec, worker compute median 11.9743 s/spec)
mos2/armchair/N14 density 0.0400: 1000 spectra (caroli) in 1068.71s (wall 1.0687 s/spec, worker compute median 11.9506 s/spec)
mos2/zigzag/N7 density 0.0057: 1000 spectra (caroli) in 68.33s (wall 0.0683 s/spec, worker compute median 0.5610 s/spec)
mos2/zigzag/N7 density 0.0100: 1000 spectra (caroli) in 68.43s (wall 0.0684 s/spec, worker compute median 0.5631 s/spec)
mos2/zigzag/N7 density 0.0200: 1000 spectra (caroli) in 68.87s (wall 0.0689 s/spec, worker compute median 0.5667 s/spec)
mos2/zigzag/N7 density 0.0400: 1000 spectra (caroli) in 69.10s (wall 0.0691 s/spec, worker compute median 0.5707 s/spec)
mos2/zigzag/N9 density 0.0044: 1000 spectra (caroli) in 94.07s (wall 0.0941 s/spec, worker compute median 0.8669 s/spec)
mos2/zigzag/N9 density 0.0100: 1000 spectra (caroli) in 94.86s (wall 0.0949 s/spec, worker compute median 0.8674 s/spec)
mos2/zigzag/N9 density 0.0200: 1000 spectra (caroli) in 95.22s (wall 0.0952 s/spec, worker compute median 0.8758 s/spec)
mos2/zigzag/N9 density 0.0400: 1000 spectra (caroli) in 95.18s (wall 0.0952 s/spec, worker compute median 0.8833 s/spec)
mos2/zigzag/N14 density 0.0050: 1000 spectra (caroli) in 200.36s (wall 0.2004 s/spec, worker compute median 2.0909 s/spec)
mos2/zigzag/N14 density 0.0100: 1000 spectra (caroli) in 200.80s (wall 0.2008 s/spec, worker compute median 2.0950 s/spec)
mos2/zigzag/N14 density 0.0200: 1000 spectra (caroli) in 203.68s (wall 0.2037 s/spec, worker compute median 2.1149 s/spec)
mos2/zigzag/N14 density 0.0400: 1000 spectra (caroli) in 201.41s (wall 0.2014 s/spec, worker compute median 2.1051 s/spec)
triangular/armchair/N7 density 0.0050: 1000 spectra (caroli) in 51.29s (wall 0.0513 s/spec, worker compute median 0.3536 s/spec)
triangular/armchair/N7 density 0.0100: 1000 spectra (caroli) in 51.12s (wall 0.0511 s/spec, worker compute median 0.3546 s/spec)
triangular/armchair/N7 density 0.0200: 1000 spectra (caroli) in 51.31s (wall 0.0513 s/spec, worker compute median 0.3558 s/spec)
triangular/armchair/N7 density 0.0400: 1000 spectra (caroli) in 50.71s (wall 0.0507 s/spec, worker compute median 0.3586 s/spec)
triangular/armchair/N9 density 0.0050: 1000 spectra (caroli) in 60.36s (wall 0.0604 s/spec, worker compute median 0.4690 s/spec)
triangular/armchair/N9 density 0.0100: 1000 spectra (caroli) in 61.24s (wall 0.0612 s/spec, worker compute median 0.4707 s/spec)
triangular/armchair/N9 density 0.0200: 1000 spectra (caroli) in 61.25s (wall 0.0613 s/spec, worker compute median 0.4736 s/spec)
triangular/armchair/N9 density 0.0400: 1000 spectra (caroli) in 61.90s (wall 0.0619 s/spec, worker compute median 0.4777 s/spec)
triangular/armchair/N14 density 0.0050: 1000 spectra (caroli) in 103.09s (wall 0.1031 s/spec, worker compute median 0.9596 s/spec)
triangular/armchair/N14 density 0.0100: 1000 spectra (caroli) in 103.81s (wall 0.1038 s/spec, worker compute median 0.9646 s/spec)
triangular/armchair/N14 density 0.0200: 1000 spectra (caroli) in 103.72s (wall 0.1037 s/spec, worker compute median 0.9739 s/spec)
triangular/armchair/N14 density 0.0400: 1000 spectra (caroli) in 104.33s (wall 0.1043 s/spec, worker compute median 0.9835 s/spec)
triangular/zigzag/N7 density 0.0057: 1000 spectra (caroli) in 39.53s (wall 0.0395 s/spec, worker compute median 0.2226 s/spec)
triangular/zigzag/N7 density 0.0100: 1000 spectra (caroli) in 39.86s (wall 0.0399 s/spec, worker compute median 0.2221 s/spec)
triangular/zigzag/N7 density 0.0200: 1000 spectra (caroli) in 39.75s (wall 0.0397 s/spec, worker compute median 0.2220 s/spec)
triangular/zigzag/N7 density 0.0400: 1000 spectra (caroli) in 39.85s (wall 0.0399 s/spec, worker compute median 0.2220 s/spec)
triangular/zigzag/N9 density 0.0044: 1000 spectra (caroli) in 42.64s (wall 0.0426 s/spec, worker compute median 0.2578 s/spec)
triangular/zigzag/N9 density 0.0100: 1000 spectra (caroli) in 42.38s (wall 0.0424 s/spec, worker compute median 0.2595 s/spec)
triangular/zigzag/N9 density 0.0200: 1000 spectra (caroli) in 42.30s (wall 0.0423 s/spec, worker compute median 0.2602 s/spec)
triangular/zigzag/N9 density 0.0400: 1000 spectra (caroli) in 43.18s (wall 0.0432 s/spec, worker compute median 0.2597 s/spec)
triangular/zigzag/N14 density 0.0050: 1000 spectra (caroli) in 51.28s (wall 0.0513 s/spec, worker compute median 0.3560 s/spec)
triangular/zigzag/N14 density 0.0100: 1000 spectra (caroli) in 51.84s (wall 0.0518 s/spec, worker compute median 0.3566 s/spec)
triangular/zigzag/N14 density 0.0200: 1000 spectra (caroli) in 51.82s (wall 0.0518 s/spec, worker compute median 0.3574 s/spec)
triangular/zigzag/N14 density 0.0400: 1000 spectra (caroli) in 51.68s (wall 0.0517 s/spec, worker compute median 0.3595 s/spec)
hbn/armchair/N27 density 0.0050: 1000 spectra (caroli) in 940.72s (wall 0.9407 s/spec, worker compute median 10.6065 s/spec)
hbn/armchair/N27 density 0.0100: 1000 spectra (caroli) in 940.76s (wall 0.9408 s/spec, worker compute median 10.5641 s/spec)
hbn/armchair/N27 density 0.0200: 1000 spectra (caroli) in 941.50s (wall 0.9415 s/spec, worker compute median 10.6077 s/spec)
hbn/armchair/N27 density 0.0400: 1000 spectra (caroli) in 944.18s (wall 0.9442 s/spec, worker compute median 10.6309 s/spec)
hbn/zigzag/N27 density 0.0050: 1000 spectra (caroli) in 949.60s (wall 0.9496 s/spec, worker compute median 10.7359 s/spec)
hbn/zigzag/N27 density 0.0100: 1000 spectra (caroli) in 947.40s (wall 0.9474 s/spec, worker compute median 10.7225 s/spec)
hbn/zigzag/N27 density 0.0200: 1000 spectra (caroli) in 949.30s (wall 0.9493 s/spec, worker compute median 10.7732 s/spec)
hbn/zigzag/N27 density 0.0400: 1000 spectra (caroli) in 950.87s (wall 0.9509 s/spec, worker compute median 10.7852 s/spec)
phosphorene/armchair/N27 density 0.0050: 1000 spectra (caroli) in 894.62s (wall 0.8946 s/spec, worker compute median 10.1002 s/spec)
phosphorene/armchair/N27 density 0.0100: 1000 spectra (caroli) in 895.72s (wall 0.8957 s/spec, worker compute median 10.1020 s/spec)
phosphorene/armchair/N27 density 0.0200: 1000 spectra (caroli) in 900.72s (wall 0.9007 s/spec, worker compute median 10.1602 s/spec)
phosphorene/armchair/N27 density 0.0400: 1000 spectra (caroli) in 904.86s (wall 0.9049 s/spec, worker compute median 10.2207 s/spec)
phosphorene/zigzag/N27 density 0.0050: 1000 spectra (caroli) in 895.86s (wall 0.8959 s/spec, worker compute median 10.1881 s/spec)
phosphorene/zigzag/N27 density 0.0100: 1000 spectra (caroli) in 896.07s (wall 0.8961 s/spec, worker compute median 10.1300 s/spec)
phosphorene/zigzag/N27 density 0.0200: 1000 spectra (caroli) in 901.88s (wall 0.9019 s/spec, worker compute median 10.1815 s/spec)
phosphorene/zigzag/N27 density 0.0400: 1000 spectra (caroli) in 900.46s (wall 0.9005 s/spec, worker compute median 10.2033 s/spec)
triangular/armchair/N27 density 0.0050: 1000 spectra (caroli) in 383.87s (wall 0.3839 s/spec, worker compute median 4.2181 s/spec)
triangular/armchair/N27 density 0.0100: 1000 spectra (caroli) in 384.55s (wall 0.3845 s/spec, worker compute median 4.2088 s/spec)
triangular/armchair/N27 density 0.0200: 1000 spectra (caroli) in 384.84s (wall 0.3848 s/spec, worker compute median 4.2229 s/spec)
triangular/armchair/N27 density 0.0400: 1000 spectra (caroli) in 385.14s (wall 0.3851 s/spec, worker compute median 4.2347 s/spec)
triangular/zigzag/N27 density 0.0052: 1000 spectra (caroli) in 101.66s (wall 0.1017 s/spec, worker compute median 0.9462 s/spec)
triangular/zigzag/N27 density 0.0100: 1000 spectra (caroli) in 101.56s (wall 0.1016 s/spec, worker compute median 0.9500 s/spec)
triangular/zigzag/N27 density 0.0200: 1000 spectra (caroli) in 102.09s (wall 0.1021 s/spec, worker compute median 0.9508 s/spec)
triangular/zigzag/N27 density 0.0400: 1000 spectra (caroli) in 101.48s (wall 0.1015 s/spec, worker compute median 0.9470 s/spec)
