hbn/armchair/N50 density 0.0050: 2 spectra (caroli) in 86.09s (wall 43.0440 s/spec, worker compute median 30.7028 s/spec)
hbn/armchair/N50 density 0.0100: 2 spectra (caroli) in 87.53s (wall 43.7659 s/spec, worker compute median 30.7075 s/spec)
hbn/armchair/N50 density 0.0200: 2 spectra (caroli) in 86.63s (wall 43.3137 s/spec, worker compute median 30.5685 s/spec)
hbn/armchair/N50 density 0.0400: 2 spectra (caroli) in 85.40s (wall 42.6983 s/spec, worker compute median 30.1963 s/spec)
hbn/zigzag/N50 density 0.0050: 2 spectra (caroli) in 98.66s (wall 49.3287 s/spec, worker compute median 37.8128 s/spec)
hbn/zigzag/N50 density 0.0100: 2 spectra (caroli) in 86.71s (wall 43.3549 s/spec, worker compute median 30.4858 s/spec)
hbn/zigzag/N50 density 0.0200: 2 spectra (caroli) in 85.67s (wall 42.8349 s/spec, worker compute median 30.4449 s/spec)
hbn/zigzag/N50 density 0.0400: 2 spectra (caroli) in 85.14s (wall 42.5697 s/spec, worker compute median 30.2774 s/spec)
phosphorene/armchair/N50 density 0.0050: 2 spectra (caroli) in 81.93s (wall 40.9641 s/spec, worker compute median 28.4321 s/spec)
phosphorene/armchair/N50 density 0.0100: 2 spectra (caroli) in 81.00s (wall 40.5021 s/spec, worker compute median 28.4256 s/spec)
phosphorene/armchair/N50 density 0.0200: 2 spectra (caroli) in 82.16s (wall 41.0799 s/spec, worker compute median 28.5334 s/spec)
phosphorene/armchair/N50 density 0.0400: 2 spectra (caroli) in 82.52s (wall 41.2582 s/spec, worker compute median 28.7563 s/spec)
phosphorene/zigzag/N50 density 0.0050: 2 spectra (caroli) in 81.64s (wall 40.8185 s/spec, worker compute median 28.5250 s/spec)
phosphorene/zigzag/N50 density 0.0100: 2 spectra (caroli) in 80.89s (wall 40.4449 s/spec, worker compute median 28.3579 s/spec)
phosphorene/zigzag/N50 density 0.0200: 2 spectra (caroli) in 81.36s (wall 40.6799 s/spec, worker compute median 28.5007 s/spec)
phosphorene/zigzag/N50 density 0.0400: 2 spectra (caroli) in 81.81s (wall 40.9075 s/spec, worker compute median 28.7399 s/spec)
mos2/armchair/N50 density 0.0050: 2 spectra (caroli) in 503.83s (wall 251.9154 s/spec, worker compute median 235.0273 s/spec)
mos2/armchair/N50 density 0.0100: 2 spectra (caroli) in 503.07s (wall 251.5338 s/spec, worker compute median 235.5015 s/spec)
mos2/armchair/N50 density 0.0200: 2 spectra (caroli) in 504.34s (wall 252.1713 s/spec, worker compute median 235.1578 s/spec)
mos2/armchair/N50 density 0.0400: 2 spectra (caroli) in 502.19s (wall 251.0937 s/spec, worker compute median 234.9098 s/spec)
mos2/zigzag/N50 density 0.0050: 2 spectra (caroli) in 89.60s (wall 44.8025 s/spec, worker compute median 33.0071 s/spec)
mos2/zigzag/N50 density 0.0100: 2 spectra (caroli) in 90.19s (wall 45.0974 s/spec, worker compute median 32.8260 s/spec)
mos2/zigzag/N50 density 0.0200: 2 spectra (caroli) in 90.17s (wall 45.0854 s/spec, worker compute median 32.9351 s/spec)
mos2/zigzag/N50 density 0.0400: 2 spectra (caroli) in 90.88s (wall 45.4380 s/spec, worker compute median 32.9479 s/spec)
triangular/armchair/N50 density 0.0050: 2 spectra (caroli) in 46.38s (wall 23.1908 s/spec, worker compute median 11.7886 s/spec)
triangular/armchair/N50 density 0.0100: 2 spectra (caroli) in 46.49s (wall 23.2434 s/spec, worker compute median 11.7177 s/spec)
triangular/armchair/N50 density 0.0200: 2 spectra (caroli) in 46.08s (wall 23.0401 s/spec, worker compute median 11.9481 s/spec)
triangular/armchair/N50 density 0.0400: 2 spectra (caroli) in 47.46s (wall 23.7319 s/spec, worker compute median 11.8348 s/spec)
triangular/zigzag/N50 density 0.0050: 2 spectra (caroli) in 25.74s (wall 12.8689 s/spec, worker compute median 1.9628 s/spec)
triangular/zigzag/N50 density 0.0100: 2 spectra (caroli) in 26.79s (wall 13.3960 s/spec, worker compute median 1.9888 s/spec)
triangular/zigzag/N50 density 0.0200: 2 spectra (caroli) in 26.00s (wall 12.9991 s/spec, worker compute median 1.9460 s/spec)
triangular/zigzag/N50 density 0.0400: 2 spectra (caroli) in 26.58s (wall 13.2915 s/spec, worker compute median 2.0098 s/spec)
