hbn/armchair/N5 density 0.0048: 50 spectra (caroli) in 26.42s (wall 0.5285 s/spec, worker compute median 0.5868 s/spec)
hbn/armchair/N5 density 0.0096: 50 spectra (caroli) in 27.50s (wall 0.5499 s/spec, worker compute median 0.6140 s/spec)
hbn/armchair/N5 density 0.0200: 50 spectra (caroli) in 26.26s (wall 0.5251 s/spec, worker compute median 0.6231 s/spec)
hbn/armchair/N5 density 0.0400: 50 spectra (caroli) in 27.12s (wall 0.5425 s/spec, worker compute median 0.6192 s/spec)
hbn/zigzag/N5 density 0.0048: 50 spectra (caroli) in 27.62s (wall 0.5524 s/spec, worker compute median 0.6345 s/spec)
hbn/zigzag/N5 density 0.0096: 50 spectra (caroli) in 26.44s (wall 0.5288 s/spec, worker compute median 0.6229 s/spec)
hbn/zigzag/N5 density 0.0200: 50 spectra (caroli) in 27.52s (wall 0.5505 s/spec, worker compute median 0.6243 s/spec)
hbn/zigzag/N5 density 0.0400: 50 spectra (caroli) in 26.73s (wall 0.5346 s/spec, worker compute median 0.6302 s/spec)
phosphorene/armchair/N5 density 0.0048: 50 spectra (caroli) in 26.49s (wall 0.5299 s/spec, worker compute median 0.5527 s/spec)
phosphorene/armchair/N5 density 0.0096: 50 spectra (caroli) in 25.90s (wall 0.5180 s/spec, worker compute median 0.5545 s/spec)
phosphorene/armchair/N5 density 0.0200: 50 spectra (caroli) in 26.64s (wall 0.5329 s/spec, worker compute median 0.5719 s/spec)
phosphorene/armchair/N5 density 0.0400: 50 spectra (caroli) in 26.64s (wall 0.5328 s/spec, worker compute median 0.5606 s/spec)
phosphorene/zigzag/N5 density 0.0048: 50 spectra (caroli) in 26.55s (wall 0.5310 s/spec, worker compute median 0.5842 s/spec)
phosphorene/zigzag/N5 density 0.0096: 50 spectra (caroli) in 26.82s (wall 0.5364 s/spec, worker compute median 0.5699 s/spec)
phosphorene/zigzag/N5 density 0.0200: 50 spectra (caroli) in 26.30s (wall 0.5261 s/spec, worker compute median 0.5674 s/spec)
phosphorene/zigzag/N5 density 0.0400: 50 spectra (caroli) in 26.41s (wall 0.5282 s/spec, worker compute median 0.5839 s/spec)
mos2/armchair/N5 density 0.0048: 50 spectra (caroli) in 26.08s (wall 0.5216 s/spec, worker compute median 0.2767 s/spec)
mos2/armchair/N5 density 0.0095: 50 spectra (caroli) in 24.31s (wall 0.4862 s/spec, worker compute median 0.2763 s/spec)
mos2/armchair/N5 density 0.0190: 50 spectra (caroli) in 24.89s (wall 0.4978 s/spec, worker compute median 0.2786 s/spec)
mos2/armchair/N5 density 0.0405: 50 spectra (caroli) in 23.69s (wall 0.4739 s/spec, worker compute median 0.2724 s/spec)
mos2/zigzag/N5 density 0.0048: 50 spectra (caroli) in 25.65s (wall 0.5129 s/spec, worker compute median 0.1912 s/spec)
mos2/zigzag/N5 density 0.0096: 50 spectra (caroli) in 24.40s (wall 0.4879 s/spec, worker compute median 0.1949 s/spec)
mos2/zigzag/N5 density 0.0193: 50 spectra (caroli) in 24.06s (wall 0.4811 s/spec, worker compute median 0.1966 s/spec)
mos2/zigzag/N5 density 0.0410: 50 spectra (caroli) in 24.47s (wall 0.4894 s/spec, worker compute median 0.1946 s/spec)
triangular/armchair/N5 density 0.0048: 50 spectra (caroli) in 23.86s (wall 0.4773 s/spec, worker compute median 0.2190 s/spec)
triangular/armchair/N5 density 0.0096: 50 spectra (caroli) in 24.00s (wall 0.4800 s/spec, worker compute median 0.2201 s/spec)
triangular/armchair/N5 density 0.0200: 50 spectra (caroli) in 24.09s (wall 0.4818 s/spec, worker compute median 0.2214 s/spec)
triangular/armchair/N5 density 0.0400: 50 spectra (caroli) in 24.48s (wall 0.4897 s/spec, worker compute median 0.2200 s/spec)
triangular/zigzag/N5 density 0.0048: 50 spectra (caroli) in 24.77s (wall 0.4954 s/spec, worker compute median 0.3199 s/spec)
triangular/zigzag/N5 density 0.0096: 50 spectra (caroli) in 25.76s (wall 0.5153 s/spec, worker compute median 0.3345 s/spec)
triangular/zigzag/N5 density 0.0200: 50 spectra (caroli) in 24.30s (wall 0.4861 s/spec, worker compute median 0.3237 s/spec)
triangular/zigzag/N5 density 0.0400: 50 spectra (caroli) in 24.46s (wall 0.4892 s/spec, worker compute median 0.3260 s/spec)
ws2/armchair/N5 density 0.0048: 50 spectra (caroli) in 26.45s (wall 0.5290 s/spec, worker compute median 0.3078 s/spec)
ws2/armchair/N5 density 0.0095: 50 spectra (caroli) in 24.95s (wall 0.4989 s/spec, worker compute median 0.3070 s/spec)
ws2/armchair/N5 density 0.0190: 50 spectra (caroli) in 24.83s (wall 0.4967 s/spec, worker compute median 0.3066 s/spec)
ws2/armchair/N5 density 0.0405: 50 spectra (caroli) in 24.62s (wall 0.4924 s/spec, worker compute median 0.3129 s/spec)
ws2/zigzag/N5 density 0.0048: 50 spectra (caroli) in 24.06s (wall 0.4813 s/spec, worker compute median 0.2238 s/spec)
ws2/zigzag/N5 density 0.0096: 50 spectra (caroli) in 24.56s (wall 0.4912 s/spec, worker compute median 0.2210 s/spec)
ws2/zigzag/N5 density 0.0193: 50 spectra (caroli) in 24.16s (wall 0.4832 s/spec, worker compute median 0.2209 s/spec)
ws2/zigzag/N5 density 0.0410: 50 spectra (caroli) in 24.32s (wall 0.4864 s/spec, worker compute median 0.2177 s/spec)
mose2/armchair/N5 density 0.0048: 50 spectra (caroli) in 24.27s (wall 0.4855 s/spec, worker compute median 0.2491 s/spec)
mose2/armchair/N5 density 0.0095: 50 spectra (caroli) in 24.53s (wall 0.4907 s/spec, worker compute median 0.2469 s/spec)
mose2/armchair/N5 density 0.0190: 50 spectra (caroli) in 23.86s (wall 0.4771 s/spec, worker compute median 0.2484 s/spec)
mose2/armchair/N5 density 0.0405: 50 spectra (caroli) in 24.18s (wall 0.4837 s/spec, worker compute median 0.2494 s/spec)
mose2/zigzag/N5 density 0.0048: 50 spectra (caroli) in 23.96s (wall 0.4792 s/spec, worker compute median 0.1762 s/spec)
mose2/zigzag/N5 density 0.0096: 50 spectra (caroli) in 24.25s (wall 0.4850 s/spec, worker compute median 0.1746 s/spec)
mose2/zigzag/N5 density 0.0193: 50 spectra (caroli) in 23.70s (wall 0.4741 s/spec, worker compute median 0.1748 s/spec)
mose2/zigzag/N5 density 0.0410: 50 spectra (caroli) in 23.84s (wall 0.4769 s/spec, worker compute median 0.1772 s/spec)
wse2/armchair/N5 density 0.0048: 50 spectra (caroli) in 24.42s (wall 0.4884 s/spec, worker compute median 0.2676 s/spec)
wse2/armchair/N5 density 0.0095: 50 spectra (caroli) in 24.23s (wall 0.4846 s/spec, worker compute median 0.2646 s/spec)
wse2/armchair/N5 density 0.0190: 50 spectra (caroli) in 24.24s (wall 0.4849 s/spec, worker compute median 0.2667 s/spec)
wse2/armchair/N5 density 0.0405: 50 spectra (caroli) in 24.90s (wall 0.4980 s/spec, worker compute median 0.2662 s/spec)
wse2/zigzag/N5 density 0.0048: 50 spectra (caroli) in 23.86s (wall 0.4772 s/spec, worker compute median 0.1938 s/spec)
wse2/zigzag/N5 density 0.0096: 50 spectra (caroli) in 24.92s (wall 0.4985 s/spec, worker compute median 0.1889 s/spec)
wse2/zigzag/N5 density 0.0193: 50 spectra (caroli) in 25.08s (wall 0.5016 s/spec, worker compute median 0.1899 s/spec)
wse2/zigzag/N5 density 0.0410: 50 spectra (caroli) in 24.73s (wall 0.4946 s/spec, worker compute median 0.1881 s/spec)
silicene/armchair/N5 density 0.0048: 50 spectra (caroli) in 24.12s (wall 0.4824 s/spec, worker compute median 0.2281 s/spec)
silicene/armchair/N5 density 0.0096: 50 spectra (caroli) in 24.05s (wall 0.4810 s/spec, worker compute median 0.2253 s/spec)
silicene/armchair/N5 density 0.0200: 50 spectra (caroli) in 24.41s (wall 0.4882 s/spec, worker compute median 0.2270 s/spec)
silicene/armchair/N5 density 0.0400: 50 spectra (caroli) in 24.79s (wall 0.4957 s/spec, worker compute median 0.2240 s/spec)
silicene/zigzag/N5 density 0.0048: 50 spectra (caroli) in 24.37s (wall 0.4874 s/spec, worker compute median 0.2573 s/spec)
silicene/zigzag/N5 density 0.0096: 50 spectra (caroli) in 25.42s (wall 0.5084 s/spec, worker compute median 0.2422 s/spec)
silicene/zigzag/N5 density 0.0200: 50 spectra (caroli) in 24.49s (wall 0.4898 s/spec, worker compute median 0.2413 s/spec)
silicene/zigzag/N5 density 0.0400: 50 spectra (caroli) in 24.19s (wall 0.4837 s/spec, worker compute median 0.2408 s/spec)
germanene/armchair/N5 density 0.0048: 50 spectra (caroli) in 23.84s (wall 0.4767 s/spec, worker compute median 0.2052 s/spec)
germanene/armchair/N5 density 0.0096: 50 spectra (caroli) in 24.04s (wall 0.4808 s/spec, worker compute median 0.2060 s/spec)
germanene/armchair/N5 density 0.0200: 50 spectra (caroli) in 24.38s (wall 0.4877 s/spec, worker compute median 0.2071 s/spec)
germanene/armchair/N5 density 0.0400: 50 spectra (caroli) in 24.28s (wall 0.4855 s/spec, worker compute median 0.2080 s/spec)
germanene/zigzag/N5 density 0.0048: 50 spectra (caroli) in 24.05s (wall 0.4809 s/spec, worker compute median 0.2199 s/spec)
germanene/zigzag/N5 density 0.0096: 50 spectra (caroli) in 24.30s (wall 0.4860 s/spec, worker compute median 0.2206 s/spec)
germanene/zigzag/N5 density 0.0200: 50 spectra (caroli) in 24.18s (wall 0.4837 s/spec, worker compute median 0.2206 s/spec)
germanene/zigzag/N5 density 0.0400: 50 spectra (caroli) in 24.56s (wall 0.4912 s/spec, worker compute median 0.2208 s/spec)
kagome/armchair/N5 density 0.0048: 50 spectra (caroli) in 24.95s (wall 0.4989 s/spec, worker compute median 0.2035 s/spec)
kagome/armchair/N5 density 0.0103: 50 spectra (caroli) in 24.15s (wall 0.4831 s/spec, worker compute median 0.2080 s/spec)
kagome/armchair/N5 density 0.0198: 50 spectra (caroli) in 24.35s (wall 0.4871 s/spec, worker compute median 0.2100 s/spec)
kagome/armchair/N5 density 0.0397: 50 spectra (caroli) in 25.43s (wall 0.5085 s/spec, worker compute median 0.2004 s/spec)
kagome/zigzag/N5 density 0.0048: 50 spectra (caroli) in 23.90s (wall 0.4781 s/spec, worker compute median 0.1435 s/spec)
kagome/zigzag/N5 density 0.0096: 50 spectra (caroli) in 23.10s (wall 0.4621 s/spec, worker compute median 0.1419 s/spec)
kagome/zigzag/N5 density 0.0201: 50 spectra (caroli) in 23.58s (wall 0.4716 s/spec, worker compute median 0.1448 s/spec)
kagome/zigzag/N5 density 0.0402: 50 spectra (caroli) in 23.53s (wall 0.4707 s/spec, worker compute median 0.1488 s/spec)
lieb/strip/N5 density 0.0048: 50 spectra (caroli) in 23.79s (wall 0.4758 s/spec, worker compute median 0.1976 s/spec)
lieb/strip/N5 density 0.0096: 50 spectra (caroli) in 24.14s (wall 0.4828 s/spec, worker compute median 0.1964 s/spec)
lieb/strip/N5 density 0.0201: 50 spectra (caroli) in 24.35s (wall 0.4870 s/spec, worker compute median 0.1985 s/spec)
lieb/strip/N5 density 0.0402: 50 spectra (caroli) in 23.67s (wall 0.4735 s/spec, worker compute median 0.2061 s/spec)
checkerboard/strip/N5 density 0.0048: 50 spectra (caroli) in 23.72s (wall 0.4745 s/spec, worker compute median 0.1451 s/spec)
checkerboard/strip/N5 density 0.0097: 50 spectra (caroli) in 24.26s (wall 0.4853 s/spec, worker compute median 0.1463 s/spec)
checkerboard/strip/N5 density 0.0202: 50 spectra (caroli) in 23.87s (wall 0.4774 s/spec, worker compute median 0.1455 s/spec)
checkerboard/strip/N5 density 0.0403: 50 spectra (caroli) in 23.81s (wall 0.4762 s/spec, worker compute median 0.1479 s/spec)
hbn/armchair/N6 density 0.0053: 50 spectra (caroli) in 26.93s (wall 0.5386 s/spec, worker compute median 0.6653 s/spec)
hbn/armchair/N6 density 0.0100: 50 spectra (caroli) in 27.33s (wall 0.5466 s/spec, worker compute median 0.6747 s/spec)
hbn/armchair/N6 density 0.0200: 50 spectra (caroli) in 26.60s (wall 0.5320 s/spec, worker compute median 0.6748 s/spec)
hbn/armchair/N6 density 0.0400: 50 spectra (caroli) in 27.52s (wall 0.5504 s/spec, worker compute median 0.6738 s/spec)
hbn/zigzag/N6 density 0.0053: 50 spectra (caroli) in 26.67s (wall 0.5335 s/spec, worker compute median 0.6856 s/spec)
hbn/zigzag/N6 density 0.0100: 50 spectra (caroli) in 27.01s (wall 0.5401 s/spec, worker compute median 0.6906 s/spec)
hbn/zigzag/N6 density 0.0200: 50 spectra (caroli) in 28.03s (wall 0.5606 s/spec, worker compute median 0.6835 s/spec)
hbn/zigzag/N6 density 0.0400: 50 spectra (caroli) in 27.38s (wall 0.5476 s/spec, worker compute median 0.6902 s/spec)
phosphorene/armchair/N6 density 0.0053: 50 spectra (caroli) in 26.74s (wall 0.5347 s/spec, worker compute median 0.6236 s/spec)
phosphorene/armchair/N6 density 0.0100: 50 spectra (caroli) in 27.75s (wall 0.5550 s/spec, worker compute median 0.6273 s/spec)
phosphorene/armchair/N6 density 0.0200: 50 spectra (caroli) in 26.80s (wall 0.5360 s/spec, worker compute median 0.6252 s/spec)
phosphorene/armchair/N6 density 0.0400: 50 spectra (caroli) in 27.48s (wall 0.5495 s/spec, worker compute median 0.6673 s/spec)
phosphorene/zigzag/N6 density 0.0053: 50 spectra (caroli) in 26.96s (wall 0.5393 s/spec, worker compute median 0.6325 s/spec)
phosphorene/zigzag/N6 density 0.0100: 50 spectra (caroli) in 27.22s (wall 0.5445 s/spec, worker compute median 0.6262 s/spec)
phosphorene/zigzag/N6 density 0.0200: 50 spectra (caroli) in 26.29s (wall 0.5258 s/spec, worker compute median 0.6278 s/spec)
phosphorene/zigzag/N6 density 0.0400: 50 spectra (caroli) in 27.17s (wall 0.5434 s/spec, worker compute median 0.6344 s/spec)
mos2/armchair/N6 density 0.0060: 50 spectra (caroli) in 26.05s (wall 0.5210 s/spec, worker compute median 0.4090 s/spec)
mos2/armchair/N6 density 0.0099: 50 spectra (caroli) in 25.17s (wall 0.5034 s/spec, worker compute median 0.4081 s/spec)
mos2/armchair/N6 density 0.0198: 50 spectra (caroli) in 25.71s (wall 0.5143 s/spec, worker compute median 0.4121 s/spec)
mos2/armchair/N6 density 0.0397: 50 spectra (caroli) in 25.39s (wall 0.5078 s/spec, worker compute median 0.4097 s/spec)
mos2/zigzag/N6 density 0.0040: 50 spectra (caroli) in 24.15s (wall 0.4830 s/spec, worker compute median 0.2306 s/spec)
mos2/zigzag/N6 density 0.0100: 50 spectra (caroli) in 24.49s (wall 0.4899 s/spec, worker compute median 0.2309 s/spec)
mos2/zigzag/N6 density 0.0201: 50 spectra (caroli) in 24.43s (wall 0.4886 s/spec, worker compute median 0.2348 s/spec)
mos2/zigzag/N6 density 0.0402: 50 spectra (caroli) in 23.97s (wall 0.4795 s/spec, worker compute median 0.2340 s/spec)
triangular/armchair/N6 density 0.0053: 50 spectra (caroli) in 24.74s (wall 0.4948 s/spec, worker compute median 0.2566 s/spec)
triangular/armchair/N6 density 0.0100: 50 spectra (caroli) in 24.85s (wall 0.4970 s/spec, worker compute median 0.2561 s/spec)
triangular/armchair/N6 density 0.0200: 50 spectra (caroli) in 24.73s (wall 0.4946 s/spec, worker compute median 0.2542 s/spec)
triangular/armchair/N6 density 0.0400: 50 spectra (caroli) in 24.57s (wall 0.4914 s/spec, worker compute median 0.2528 s/spec)
triangular/zigzag/N6 density 0.0053: 50 spectra (caroli) in 24.66s (wall 0.4932 s/spec, worker compute median 0.3483 s/spec)
triangular/zigzag/N6 density 0.0100: 50 spectra (caroli) in 25.31s (wall 0.5063 s/spec, worker compute median 0.3415 s/spec)
triangular/zigzag/N6 density 0.0200: 50 spectra (caroli) in 24.68s (wall 0.4935 s/spec, worker compute median 0.3422 s/spec)
triangular/zigzag/N6 density 0.0400: 50 spectra (caroli) in 24.73s (wall 0.4947 s/spec, worker compute median 0.3417 s/spec)
ws2/armchair/N6 density 0.0060: 50 spectra (caroli) in 25.56s (wall 0.5111 s/spec, worker compute median 0.4495 s/spec)
ws2/armchair/N6 density 0.0099: 50 spectra (caroli) in 25.33s (wall 0.5066 s/spec, worker compute median 0.4516 s/spec)
ws2/armchair/N6 density 0.0198: 50 spectra (caroli) in 26.00s (wall 0.5200 s/spec, worker compute median 0.4533 s/spec)
ws2/armchair/N6 density 0.0397: 50 spectra (caroli) in 26.07s (wall 0.5214 s/spec, worker compute median 0.4539 s/spec)
ws2/zigzag/N6 density 0.0040: 50 spectra (caroli) in 24.97s (wall 0.4993 s/spec, worker compute median 0.2533 s/spec)
ws2/zigzag/N6 density 0.0100: 50 spectra (caroli) in 24.48s (wall 0.4896 s/spec, worker compute median 0.2571 s/spec)
ws2/zigzag/N6 density 0.0201: 50 spectra (caroli) in 25.01s (wall 0.5003 s/spec, worker compute median 0.2591 s/spec)
ws2/zigzag/N6 density 0.0402: 50 spectra (caroli) in 24.41s (wall 0.4882 s/spec, worker compute median 0.2594 s/spec)
mose2/armchair/N6 density 0.0060: 50 spectra (caroli) in 25.13s (wall 0.5026 s/spec, worker compute median 0.3712 s/spec)
mose2/armchair/N6 density 0.0099: 50 spectra (caroli) in 24.73s (wall 0.4946 s/spec, worker compute median 0.3687 s/spec)
mose2/armchair/N6 density 0.0198: 50 spectra (caroli) in 25.85s (wall 0.5170 s/spec, worker compute median 0.3711 s/spec)
mose2/armchair/N6 density 0.0397: 50 spectra (caroli) in 25.41s (wall 0.5083 s/spec, worker compute median 0.3674 s/spec)
mose2/zigzag/N6 density 0.0040: 50 spectra (caroli) in 24.43s (wall 0.4885 s/spec, worker compute median 0.2140 s/spec)
mose2/zigzag/N6 density 0.0100: 50 spectra (caroli) in 24.82s (wall 0.4963 s/spec, worker compute median 0.2178 s/spec)
mose2/zigzag/N6 density 0.0201: 50 spectra (caroli) in 24.32s (wall 0.4865 s/spec, worker compute median 0.2168 s/spec)
mose2/zigzag/N6 density 0.0402: 50 spectra (caroli) in 23.82s (wall 0.4764 s/spec, worker compute median 0.2224 s/spec)
wse2/armchair/N6 density 0.0060: 50 spectra (caroli) in 25.90s (wall 0.5180 s/spec, worker compute median 0.3889 s/spec)
wse2/armchair/N6 density 0.0099: 50 spectra (caroli) in 24.67s (wall 0.4933 s/spec, worker compute median 0.3913 s/spec)
wse2/armchair/N6 density 0.0198: 50 spectra (caroli) in 25.59s (wall 0.5118 s/spec, worker compute median 0.3955 s/spec)
wse2/armchair/N6 density 0.0397: 50 spectra (caroli) in 25.08s (wall 0.5015 s/spec, worker compute median 0.4049 s/spec)
wse2/zigzag/N6 density 0.0040: 50 spectra (caroli) in 23.90s (wall 0.4780 s/spec, worker compute median 0.2268 s/spec)
wse2/zigzag/N6 density 0.0100: 50 spectra (caroli) in 24.35s (wall 0.4869 s/spec, worker compute median 0.2247 s/spec)
wse2/zigzag/N6 density 0.0201: 50 spectra (caroli) in 23.74s (wall 0.4748 s/spec, worker compute median 0.2256 s/spec)
wse2/zigzag/N6 density 0.0402: 50 spectra (caroli) in 23.93s (wall 0.4785 s/spec, worker compute median 0.2260 s/spec)
silicene/armchair/N6 density 0.0053: 50 spectra (caroli) in 24.20s (wall 0.4840 s/spec, worker compute median 0.2609 s/spec)
silicene/armchair/N6 density 0.0100: 50 spectra (caroli) in 25.02s (wall 0.5004 s/spec, worker compute median 0.2628 s/spec)
silicene/armchair/N6 density 0.0200: 50 spectra (caroli) in 24.85s (wall 0.4970 s/spec, worker compute median 0.2575 s/spec)
silicene/armchair/N6 density 0.0400: 50 spectra (caroli) in 24.73s (wall 0.4946 s/spec, worker compute median 0.2592 s/spec)
silicene/zigzag/N6 density 0.0053: 50 spectra (caroli) in 24.64s (wall 0.4928 s/spec, worker compute median 0.2800 s/spec)
silicene/zigzag/N6 density 0.0100: 50 spectra (caroli) in 24.92s (wall 0.4984 s/spec, worker compute median 0.2787 s/spec)
silicene/zigzag/N6 density 0.0200: 50 spectra (caroli) in 24.76s (wall 0.4953 s/spec, worker compute median 0.2777 s/spec)
silicene/zigzag/N6 density 0.0400: 50 spectra (caroli) in 24.64s (wall 0.4928 s/spec, worker compute median 0.2817 s/spec)
germanene/armchair/N6 density 0.0053: 50 spectra (caroli) in 24.34s (wall 0.4868 s/spec, worker compute median 0.2407 s/spec)
germanene/armchair/N6 density 0.0100: 50 spectra (caroli) in 24.14s (wall 0.4828 s/spec, worker compute median 0.2446 s/spec)
germanene/armchair/N6 density 0.0200: 50 spectra (caroli) in 23.83s (wall 0.4765 s/spec, worker compute median 0.2574 s/spec)
germanene/armchair/N6 density 0.0400: 50 spectra (caroli) in 24.44s (wall 0.4888 s/spec, worker compute median 0.2436 s/spec)
germanene/zigzag/N6 density 0.0053: 50 spectra (caroli) in 24.59s (wall 0.4917 s/spec, worker compute median 0.2541 s/spec)
germanene/zigzag/N6 density 0.0100: 50 spectra (caroli) in 23.74s (wall 0.4747 s/spec, worker compute median 0.2501 s/spec)
germanene/zigzag/N6 density 0.0200: 50 spectra (caroli) in 24.43s (wall 0.4886 s/spec, worker compute median 0.2511 s/spec)
germanene/zigzag/N6 density 0.0400: 50 spectra (caroli) in 24.27s (wall 0.4854 s/spec, worker compute median 0.2545 s/spec)
kagome/armchair/N6 density 0.0053: 50 spectra (caroli) in 24.63s (wall 0.4925 s/spec, worker compute median 0.2939 s/spec)
kagome/armchair/N6 density 0.0099: 50 spectra (caroli) in 25.14s (wall 0.5028 s/spec, worker compute median 0.3041 s/spec)
kagome/armchair/N6 density 0.0198: 50 spectra (caroli) in 24.94s (wall 0.4989 s/spec, worker compute median 0.2942 s/spec)
kagome/armchair/N6 density 0.0397: 50 spectra (caroli) in 24.74s (wall 0.4947 s/spec, worker compute median 0.2992 s/spec)
kagome/zigzag/N6 density 0.0047: 50 spectra (caroli) in 23.47s (wall 0.4695 s/spec, worker compute median 0.1711 s/spec)
kagome/zigzag/N6 density 0.0100: 50 spectra (caroli) in 24.55s (wall 0.4911 s/spec, worker compute median 0.1721 s/spec)
kagome/zigzag/N6 density 0.0201: 50 spectra (caroli) in 23.68s (wall 0.4737 s/spec, worker compute median 0.1706 s/spec)
kagome/zigzag/N6 density 0.0402: 50 spectra (caroli) in 24.50s (wall 0.4900 s/spec, worker compute median 0.1725 s/spec)
lieb/strip/N6 density 0.0047: 50 spectra (caroli) in 23.88s (wall 0.4776 s/spec, worker compute median 0.2401 s/spec)
lieb/strip/N6 density 0.0100: 50 spectra (caroli) in 24.31s (wall 0.4862 s/spec, worker compute median 0.2403 s/spec)
lieb/strip/N6 density 0.0201: 50 spectra (caroli) in 23.79s (wall 0.4758 s/spec, worker compute median 0.2387 s/spec)
lieb/strip/N6 density 0.0402: 50 spectra (caroli) in 25.04s (wall 0.5008 s/spec, worker compute median 0.2374 s/spec)
checkerboard/strip/N6 density 0.0047: 50 spectra (caroli) in 24.37s (wall 0.4873 s/spec, worker compute median 0.1952 s/spec)
checkerboard/strip/N6 density 0.0101: 50 spectra (caroli) in 23.75s (wall 0.4749 s/spec, worker compute median 0.1958 s/spec)
checkerboard/strip/N6 density 0.0202: 50 spectra (caroli) in 23.52s (wall 0.4704 s/spec, worker compute median 0.1962 s/spec)
checkerboard/strip/N6 density 0.0403: 50 spectra (caroli) in 23.54s (wall 0.4708 s/spec, worker compute median 0.1944 s/spec)
silicene/zigzag/N50 density 0.0050: 50 spectra (caroli) in 174.48s (wall 3.4895 s/spec, worker compute median 27.5556 s/spec)
silicene/zigzag/N50 density 0.0100: 50 spectra (caroli) in 178.92s (wall 3.5784 s/spec, worker compute median 28.7727 s/spec)
silicene/zigzag/N50 density 0.0200: 50 spectra (caroli) in 180.47s (wall 3.6094 s/spec, worker compute median 28.6624 s/spec)
silicene/zigzag/N50 density 0.0400: 50 spectra (caroli) in 178.39s (wall 3.5678 s/spec, worker compute median 28.0626 s/spec)
germanene/zigzag/N50 density 0.0050: 50 spectra (caroli) in 166.98s (wall 3.3396 s/spec, worker compute median 25.4671 s/spec)
germanene/zigzag/N50 density 0.0100: 50 spectra (caroli) in 168.85s (wall 3.3769 s/spec, worker compute median 26.2568 s/spec)
germanene/zigzag/N50 density 0.0200: 50 spectra (caroli) in 167.04s (wall 3.3409 s/spec, worker compute median 26.4201 s/spec)
germanene/zigzag/N50 density 0.0400: 50 spectra (caroli) in 168.61s (wall 3.3721 s/spec, worker compute median 26.1517 s/spec)
triangular/zigzag/N50 density 0.0050: 50 spectra (caroli) in 68.50s (wall 1.3700 s/spec, worker compute median 8.3431 s/spec)
triangular/zigzag/N50 density 0.0100: 50 spectra (caroli) in 68.28s (wall 1.3656 s/spec, worker compute median 8.2598 s/spec)
triangular/zigzag/N50 density 0.0200: 50 spectra (caroli) in 68.28s (wall 1.3657 s/spec, worker compute median 8.4210 s/spec)
triangular/zigzag/N50 density 0.0400: 50 spectra (caroli) in 68.07s (wall 1.3613 s/spec, worker compute median 8.4353 s/spec)
lieb/strip/N50 density 0.0050: 50 spectra (caroli) in 316.23s (wall 6.3247 s/spec, worker compute median 53.2134 s/spec)
lieb/strip/N50 density 0.0100: 50 spectra (caroli) in 320.48s (wall 6.4096 s/spec, worker compute median 55.5468 s/spec)
lieb/strip/N50 density 0.0200: 50 spectra (caroli) in 318.56s (wall 6.3711 s/spec, worker compute median 54.7490 s/spec)
lieb/strip/N50 density 0.0400: 50 spectra (caroli) in 317.18s (wall 6.3437 s/spec, worker compute median 53.5313 s/spec)
checkerboard/strip/N50 density 0.0050: 50 spectra (caroli) in 389.75s (wall 7.7950 s/spec, worker compute median 68.2873 s/spec)
checkerboard/strip/N50 density 0.0100: 50 spectra (caroli) in 392.33s (wall 7.8467 s/spec, worker compute median 66.8223 s/spec)
checkerboard/strip/N50 density 0.0200: 50 spectra (caroli) in 394.42s (wall 7.8885 s/spec, worker compute median 70.5136 s/spec)
checkerboard/strip/N50 density 0.0400: 50 spectra (caroli) in 390.53s (wall 7.8107 s/spec, worker compute median 67.4708 s/spec)
