ws2/armchair/N7 density 0.0050: 50 spectra (caroli) in 31.54s (wall 0.6308 s/spec, worker compute median 1.5670 s/spec)
ws2/armchair/N7 density 0.0100: 50 spectra (caroli) in 32.02s (wall 0.6404 s/spec, worker compute median 1.6064 s/spec)
ws2/armchair/N7 density 0.0200: 50 spectra (caroli) in 31.66s (wall 0.6333 s/spec, worker compute median 1.6061 s/spec)
ws2/armchair/N7 density 0.0400: 50 spectra (caroli) in 32.89s (wall 0.6578 s/spec, worker compute median 1.5957 s/spec)
ws2/armchair/N9 density 0.0050: 50 spectra (caroli) in 39.99s (wall 0.7998 s/spec, worker compute median 3.0181 s/spec)
ws2/armchair/N9 density 0.0100: 50 spectra (caroli) in 41.97s (wall 0.8394 s/spec, worker compute median 3.2817 s/spec)
ws2/armchair/N9 density 0.0200: 50 spectra (caroli) in 41.53s (wall 0.8306 s/spec, worker compute median 3.6545 s/spec)
ws2/armchair/N9 density 0.0400: 50 spectra (caroli) in 41.90s (wall 0.8380 s/spec, worker compute median 3.5373 s/spec)
ws2/armchair/N14 density 0.0050: 50 spectra (caroli) in 91.13s (wall 1.8226 s/spec, worker compute median 12.4935 s/spec)
ws2/armchair/N14 density 0.0100: 50 spectra (caroli) in 90.10s (wall 1.8020 s/spec, worker compute median 12.5125 s/spec)
ws2/armchair/N14 density 0.0200: 50 spectra (caroli) in 91.12s (wall 1.8225 s/spec, worker compute median 12.6294 s/spec)
ws2/armchair/N14 density 0.0400: 50 spectra (caroli) in 90.84s (wall 1.8169 s/spec, worker compute median 12.6302 s/spec)
ws2/zigzag/N7 density 0.0057: 50 spectra (caroli) in 24.37s (wall 0.4873 s/spec, worker compute median 0.4010 s/spec)
ws2/zigzag/N7 density 0.0100: 50 spectra (caroli) in 24.81s (wall 0.4963 s/spec, worker compute median 0.3959 s/spec)
ws2/zigzag/N7 density 0.0200: 50 spectra (caroli) in 24.47s (wall 0.4893 s/spec, worker compute median 0.3997 s/spec)
ws2/zigzag/N7 density 0.0400: 50 spectra (caroli) in 24.44s (wall 0.4888 s/spec, worker compute median 0.4038 s/spec)
ws2/zigzag/N9 density 0.0044: 50 spectra (caroli) in 25.75s (wall 0.5149 s/spec, worker compute median 0.6341 s/spec)
ws2/zigzag/N9 density 0.0100: 50 spectra (caroli) in 25.91s (wall 0.5182 s/spec, worker compute median 0.6322 s/spec)
ws2/zigzag/N9 density 0.0200: 50 spectra (caroli) in 26.48s (wall 0.5295 s/spec, worker compute median 0.6431 s/spec)
ws2/zigzag/N9 density 0.0400: 50 spectra (caroli) in 26.02s (wall 0.5203 s/spec, worker compute median 0.6456 s/spec)
ws2/zigzag/N14 density 0.0050: 50 spectra (caroli) in 31.53s (wall 0.6307 s/spec, worker compute median 1.6174 s/spec)
ws2/zigzag/N14 density 0.0100: 50 spectra (caroli) in 31.79s (wall 0.6357 s/spec, worker compute median 1.6095 s/spec)
ws2/zigzag/N14 density 0.0200: 50 spectra (caroli) in 32.07s (wall 0.6414 s/spec, worker compute median 1.6075 s/spec)
ws2/zigzag/N14 density 0.0400: 50 spectra (caroli) in 31.81s (wall 0.6362 s/spec, worker compute median 1.5735 s/spec)
mose2/armchair/N7 density 0.0050: 50 spectra (caroli) in 29.60s (wall 0.5921 s/spec, worker compute median 1.2652 s/spec)
mose2/armchair/N7 density 0.0100: 50 spectra (caroli) in 29.96s (wall 0.5992 s/spec, worker compute median 1.2764 s/spec)
mose2/armchair/N7 density 0.0200: 50 spectra (caroli) in 29.76s (wall 0.5951 s/spec, worker compute median 1.2816 s/spec)
mose2/armchair/N7 density 0.0400: 50 spectra (caroli) in 30.02s (wall 0.6004 s/spec, worker compute median 1.2746 s/spec)
mose2/armchair/N9 density 0.0050: 50 spectra (caroli) in 36.34s (wall 0.7268 s/spec, worker compute median 2.3721 s/spec)
mose2/armchair/N9 density 0.0100: 50 spectra (caroli) in 37.92s (wall 0.7584 s/spec, worker compute median 2.5295 s/spec)
mose2/armchair/N9 density 0.0200: 50 spectra (caroli) in 37.60s (wall 0.7520 s/spec, worker compute median 2.6500 s/spec)
mose2/armchair/N9 density 0.0400: 50 spectra (caroli) in 37.16s (wall 0.7431 s/spec, worker compute median 2.7363 s/spec)
mose2/armchair/N14 density 0.0050: 50 spectra (caroli) in 77.02s (wall 1.5403 s/spec, worker compute median 10.0153 s/spec)
mose2/armchair/N14 density 0.0100: 50 spectra (caroli) in 76.99s (wall 1.5398 s/spec, worker compute median 10.1349 s/spec)
mose2/armchair/N14 density 0.0200: 50 spectra (caroli) in 76.39s (wall 1.5279 s/spec, worker compute median 10.1381 s/spec)
mose2/armchair/N14 density 0.0400: 50 spectra (caroli) in 77.09s (wall 1.5417 s/spec, worker compute median 9.9294 s/spec)
mose2/zigzag/N7 density 0.0057: 50 spectra (caroli) in 23.78s (wall 0.4756 s/spec, worker compute median 0.3283 s/spec)
mose2/zigzag/N7 density 0.0100: 50 spectra (caroli) in 25.00s (wall 0.5000 s/spec, worker compute median 0.3267 s/spec)
mose2/zigzag/N7 density 0.0200: 50 spectra (caroli) in 24.12s (wall 0.4824 s/spec, worker compute median 0.3301 s/spec)
mose2/zigzag/N7 density 0.0400: 50 spectra (caroli) in 25.04s (wall 0.5008 s/spec, worker compute median 0.3314 s/spec)
mose2/zigzag/N9 density 0.0044: 50 spectra (caroli) in 25.65s (wall 0.5131 s/spec, worker compute median 0.5038 s/spec)
mose2/zigzag/N9 density 0.0100: 50 spectra (caroli) in 25.41s (wall 0.5083 s/spec, worker compute median 0.5125 s/spec)
mose2/zigzag/N9 density 0.0200: 50 spectra (caroli) in 24.82s (wall 0.4964 s/spec, worker compute median 0.5244 s/spec)
mose2/zigzag/N9 density 0.0400: 50 spectra (caroli) in 25.39s (wall 0.5079 s/spec, worker compute median 0.5254 s/spec)
mose2/zigzag/N14 density 0.0050: 50 spectra (caroli) in 29.94s (wall 0.5988 s/spec, worker compute median 1.2859 s/spec)
mose2/zigzag/N14 density 0.0100: 50 spectra (caroli) in 29.97s (wall 0.5994 s/spec, worker compute median 1.2990 s/spec)
mose2/zigzag/N14 density 0.0200: 50 spectra (caroli) in 30.25s (wall 0.6050 s/spec, worker compute median 1.2966 s/spec)
mose2/zigzag/N14 density 0.0400: 50 spectra (caroli) in 29.73s (wall 0.5946 s/spec, worker compute median 1.2881 s/spec)
wse2/armchair/N7 density 0.0050: 50 spectra (caroli) in 30.54s (wall 0.6108 s/spec, worker compute median 1.3570 s/spec)
wse2/armchair/N7 density 0.0100: 50 spectra (caroli) in 30.66s (wall 0.6132 s/spec, worker compute median 1.3641 s/spec)
wse2/armchair/N7 density 0.0200: 50 spectra (caroli) in 30.23s (wall 0.6045 s/spec, worker compute median 1.3651 s/spec)
wse2/armchair/N7 density 0.0400: 50 spectra (caroli) in 31.12s (wall 0.6224 s/spec, worker compute median 1.3730 s/spec)
wse2/armchair/N9 density 0.0050: 50 spectra (caroli) in 37.16s (wall 0.7431 s/spec, worker compute median 2.5310 s/spec)
wse2/armchair/N9 density 0.0100: 50 spectra (caroli) in 38.43s (wall 0.7687 s/spec, worker compute median 3.0311 s/spec)
wse2/armchair/N9 density 0.0200: 50 spectra (caroli) in 39.18s (wall 0.7836 s/spec, worker compute median 2.5451 s/spec)
wse2/armchair/N9 density 0.0400: 50 spectra (caroli) in 39.03s (wall 0.7806 s/spec, worker compute median 2.8444 s/spec)
wse2/armchair/N14 density 0.0050: 50 spectra (caroli) in 80.38s (wall 1.6077 s/spec, worker compute median 10.5334 s/spec)
wse2/armchair/N14 density 0.0100: 50 spectra (caroli) in 80.18s (wall 1.6035 s/spec, worker compute median 10.8029 s/spec)
wse2/armchair/N14 density 0.0200: 50 spectra (caroli) in 80.61s (wall 1.6121 s/spec, worker compute median 10.7877 s/spec)
wse2/armchair/N14 density 0.0400: 50 spectra (caroli) in 80.68s (wall 1.6136 s/spec, worker compute median 10.7437 s/spec)
wse2/zigzag/N7 density 0.0057: 50 spectra (caroli) in 24.04s (wall 0.4807 s/spec, worker compute median 0.3560 s/spec)
wse2/zigzag/N7 density 0.0100: 50 spectra (caroli) in 24.40s (wall 0.4880 s/spec, worker compute median 0.3533 s/spec)
wse2/zigzag/N7 density 0.0200: 50 spectra (caroli) in 24.62s (wall 0.4923 s/spec, worker compute median 0.3501 s/spec)
wse2/zigzag/N7 density 0.0400: 50 spectra (caroli) in 25.07s (wall 0.5015 s/spec, worker compute median 0.3510 s/spec)
wse2/zigzag/N9 density 0.0044: 50 spectra (caroli) in 25.10s (wall 0.5020 s/spec, worker compute median 0.5370 s/spec)
wse2/zigzag/N9 density 0.0100: 50 spectra (caroli) in 25.50s (wall 0.5100 s/spec, worker compute median 0.5626 s/spec)
wse2/zigzag/N9 density 0.0200: 50 spectra (caroli) in 25.72s (wall 0.5145 s/spec, worker compute median 0.5527 s/spec)
wse2/zigzag/N9 density 0.0400: 50 spectra (caroli) in 26.23s (wall 0.5246 s/spec, worker compute median 0.5581 s/spec)
wse2/zigzag/N14 density 0.0050: 50 spectra (caroli) in 30.02s (wall 0.6005 s/spec, worker compute median 1.3676 s/spec)
wse2/zigzag/N14 density 0.0100: 50 spectra (caroli) in 30.65s (wall 0.6130 s/spec, worker compute median 1.3969 s/spec)
wse2/zigzag/N14 density 0.0200: 50 spectra (caroli) in 31.06s (wall 0.6212 s/spec, worker compute median 1.3897 s/spec)
wse2/zigzag/N14 density 0.0400: 50 spectra (caroli) in 30.74s (wall 0.6148 s/spec, worker compute median 1.3913 s/spec)
silicene/armchair/N7 density 0.0050: 50 spectra (caroli) in 23.71s (wall 0.4741 s/spec, worker compute median 0.2314 s/spec)
silicene/armchair/N7 density 0.0100: 50 spectra (caroli) in 23.28s (wall 0.4656 s/spec, worker compute median 0.2269 s/spec)
silicene/armchair/N7 density 0.0200: 50 spectra (caroli) in 23.96s (wall 0.4793 s/spec, worker compute median 0.2308 s/spec)
silicene/armchair/N7 density 0.0400: 50 spectra (caroli) in 23.43s (wall 0.4686 s/spec, worker compute median 0.2316 s/spec)
silicene/armchair/N9 density 0.0050: 50 spectra (caroli) in 23.97s (wall 0.4793 s/spec, worker compute median 0.3110 s/spec)
silicene/armchair/N9 density 0.0100: 50 spectra (caroli) in 24.26s (wall 0.4852 s/spec, worker compute median 0.3147 s/spec)
silicene/armchair/N9 density 0.0200: 50 spectra (caroli) in 24.06s (wall 0.4812 s/spec, worker compute median 0.3175 s/spec)
silicene/armchair/N9 density 0.0400: 50 spectra (caroli) in 23.75s (wall 0.4750 s/spec, worker compute median 0.3181 s/spec)
silicene/armchair/N14 density 0.0050: 50 spectra (caroli) in 26.29s (wall 0.5257 s/spec, worker compute median 0.6897 s/spec)
silicene/armchair/N14 density 0.0100: 50 spectra (caroli) in 26.45s (wall 0.5289 s/spec, worker compute median 0.6853 s/spec)
silicene/armchair/N14 density 0.0200: 50 spectra (caroli) in 26.24s (wall 0.5247 s/spec, worker compute median 0.6914 s/spec)
silicene/armchair/N14 density 0.0400: 50 spectra (caroli) in 26.49s (wall 0.5298 s/spec, worker compute median 0.6957 s/spec)
silicene/zigzag/N7 density 0.0050: 50 spectra (caroli) in 23.61s (wall 0.4723 s/spec, worker compute median 0.2407 s/spec)
silicene/zigzag/N7 density 0.0100: 50 spectra (caroli) in 23.11s (wall 0.4621 s/spec, worker compute median 0.2425 s/spec)
silicene/zigzag/N7 density 0.0200: 50 spectra (caroli) in 23.48s (wall 0.4695 s/spec, worker compute median 0.2401 s/spec)
silicene/zigzag/N7 density 0.0400: 50 spectra (caroli) in 23.54s (wall 0.4707 s/spec, worker compute median 0.2456 s/spec)
silicene/zigzag/N9 density 0.0050: 50 spectra (caroli) in 24.27s (wall 0.4855 s/spec, worker compute median 0.3154 s/spec)
silicene/zigzag/N9 density 0.0100: 50 spectra (caroli) in 24.56s (wall 0.4912 s/spec, worker compute median 0.3201 s/spec)
silicene/zigzag/N9 density 0.0200: 50 spectra (caroli) in 24.01s (wall 0.4802 s/spec, worker compute median 0.3234 s/spec)
silicene/zigzag/N9 density 0.0400: 50 spectra (caroli) in 23.78s (wall 0.4756 s/spec, worker compute median 0.3259 s/spec)
silicene/zigzag/N14 density 0.0050: 50 spectra (caroli) in 25.85s (wall 0.5170 s/spec, worker compute median 0.6858 s/spec)
silicene/zigzag/N14 density 0.0100: 50 spectra (caroli) in 25.99s (wall 0.5199 s/spec, worker compute median 0.6904 s/spec)
silicene/zigzag/N14 density 0.0200: 50 spectra (caroli) in 26.87s (wall 0.5374 s/spec, worker compute median 0.6869 s/spec)
silicene/zigzag/N14 density 0.0400: 50 spectra (caroli) in 26.23s (wall 0.5247 s/spec, worker compute median 0.6859 s/spec)
germanene/armchair/N7 density 0.0050: 50 spectra (caroli) in 24.06s (wall 0.4812 s/spec, worker compute median 0.2160 s/spec)
germanene/armchair/N7 density 0.0100: 50 spectra (caroli) in 23.41s (wall 0.4681 s/spec, worker compute median 0.2181 s/spec)
germanene/armchair/N7 density 0.0200: 50 spectra (caroli) in 23.74s (wall 0.4748 s/spec, worker compute median 0.2183 s/spec)
germanene/armchair/N7 density 0.0400: 50 spectra (caroli) in 23.41s (wall 0.4682 s/spec, worker compute median 0.2161 s/spec)
germanene/armchair/N9 density 0.0050: 50 spectra (caroli) in 24.01s (wall 0.4801 s/spec, worker compute median 0.2968 s/spec)
germanene/armchair/N9 density 0.0100: 50 spectra (caroli) in 24.12s (wall 0.4824 s/spec, worker compute median 0.2953 s/spec)
germanene/armchair/N9 density 0.0200: 50 spectra (caroli) in 23.98s (wall 0.4795 s/spec, worker compute median 0.2915 s/spec)
germanene/armchair/N9 density 0.0400: 50 spectra (caroli) in 24.39s (wall 0.4879 s/spec, worker compute median 0.2950 s/spec)
germanene/armchair/N14 density 0.0050: 50 spectra (caroli) in 26.36s (wall 0.5271 s/spec, worker compute median 0.6260 s/spec)
germanene/armchair/N14 density 0.0100: 50 spectra (caroli) in 25.65s (wall 0.5130 s/spec, worker compute median 0.6299 s/spec)
germanene/armchair/N14 density 0.0200: 50 spectra (caroli) in 26.06s (wall 0.5212 s/spec, worker compute median 0.6328 s/spec)
germanene/armchair/N14 density 0.0400: 50 spectra (caroli) in 26.33s (wall 0.5267 s/spec, worker compute median 0.6335 s/spec)
germanene/zigzag/N7 density 0.0050: 50 spectra (caroli) in 23.15s (wall 0.4631 s/spec, worker compute median 0.2231 s/spec)
germanene/zigzag/N7 density 0.0100: 50 spectra (caroli) in 23.41s (wall 0.4682 s/spec, worker compute median 0.2206 s/spec)
germanene/zigzag/N7 density 0.0200: 50 spectra (caroli) in 23.58s (wall 0.4717 s/spec, worker compute median 0.2241 s/spec)
germanene/zigzag/N7 density 0.0400: 50 spectra (caroli) in 23.54s (wall 0.4707 s/spec, worker compute median 0.2258 s/spec)
germanene/zigzag/N9 density 0.0050: 50 spectra (caroli) in 23.79s (wall 0.4757 s/spec, worker compute median 0.2973 s/spec)
germanene/zigzag/N9 density 0.0100: 50 spectra (caroli) in 23.92s (wall 0.4784 s/spec, worker compute median 0.2993 s/spec)
germanene/zigzag/N9 density 0.0200: 50 spectra (caroli) in 23.74s (wall 0.4747 s/spec, worker compute median 0.3035 s/spec)
germanene/zigzag/N9 density 0.0400: 50 spectra (caroli) in 24.50s (wall 0.4899 s/spec, worker compute median 0.3028 s/spec)
germanene/zigzag/N14 density 0.0050: 50 spectra (caroli) in 26.21s (wall 0.5241 s/spec, worker compute median 0.6353 s/spec)
germanene/zigzag/N14 density 0.0100: 50 spectra (caroli) in 26.95s (wall 0.5390 s/spec, worker compute median 0.6385 s/spec)
germanene/zigzag/N14 density 0.0200: 50 spectra (caroli) in 25.91s (wall 0.5182 s/spec, worker compute median 0.6367 s/spec)
germanene/zigzag/N14 density 0.0400: 50 spectra (caroli) in 26.37s (wall 0.5275 s/spec, worker compute median 0.6385 s/spec)
kagome/armchair/N7 density 0.0050: 50 spectra (caroli) in 27.91s (wall 0.5582 s/spec, worker compute median 1.0358 s/spec)
kagome/armchair/N7 density 0.0100: 50 spectra (caroli) in 28.68s (wall 0.5735 s/spec, worker compute median 1.0382 s/spec)
kagome/armchair/N7 density 0.0200: 50 spectra (caroli) in 28.14s (wall 0.5629 s/spec, worker compute median 1.0348 s/spec)
kagome/armchair/N7 density 0.0400: 50 spectra (caroli) in 28.20s (wall 0.5641 s/spec, worker compute median 1.0284 s/spec)
kagome/armchair/N9 density 0.0050: 50 spectra (caroli) in 33.29s (wall 0.6658 s/spec, worker compute median 1.8873 s/spec)
kagome/armchair/N9 density 0.0100: 50 spectra (caroli) in 33.75s (wall 0.6750 s/spec, worker compute median 1.9155 s/spec)
kagome/armchair/N9 density 0.0200: 50 spectra (caroli) in 33.45s (wall 0.6691 s/spec, worker compute median 1.8991 s/spec)
kagome/armchair/N9 density 0.0400: 50 spectra (caroli) in 33.52s (wall 0.6704 s/spec, worker compute median 1.9098 s/spec)
kagome/armchair/N14 density 0.0050: 50 spectra (caroli) in 64.63s (wall 1.2925 s/spec, worker compute median 7.9647 s/spec)
kagome/armchair/N14 density 0.0100: 50 spectra (caroli) in 65.47s (wall 1.3094 s/spec, worker compute median 8.0698 s/spec)
kagome/armchair/N14 density 0.0200: 50 spectra (caroli) in 65.74s (wall 1.3147 s/spec, worker compute median 8.0864 s/spec)
kagome/armchair/N14 density 0.0400: 50 spectra (caroli) in 66.38s (wall 1.3275 s/spec, worker compute median 8.0799 s/spec)
kagome/zigzag/N7 density 0.0048: 50 spectra (caroli) in 23.48s (wall 0.4697 s/spec, worker compute median 0.2607 s/spec)
kagome/zigzag/N7 density 0.0100: 50 spectra (caroli) in 23.76s (wall 0.4751 s/spec, worker compute median 0.2574 s/spec)
kagome/zigzag/N7 density 0.0200: 50 spectra (caroli) in 23.95s (wall 0.4790 s/spec, worker compute median 0.2605 s/spec)
kagome/zigzag/N7 density 0.0400: 50 spectra (caroli) in 23.77s (wall 0.4755 s/spec, worker compute median 0.2656 s/spec)
kagome/zigzag/N9 density 0.0052: 50 spectra (caroli) in 24.57s (wall 0.4914 s/spec, worker compute median 0.4025 s/spec)
kagome/zigzag/N9 density 0.0100: 50 spectra (caroli) in 24.52s (wall 0.4903 s/spec, worker compute median 0.4101 s/spec)
kagome/zigzag/N9 density 0.0200: 50 spectra (caroli) in 24.47s (wall 0.4893 s/spec, worker compute median 0.4163 s/spec)
kagome/zigzag/N9 density 0.0400: 50 spectra (caroli) in 24.13s (wall 0.4826 s/spec, worker compute median 0.4199 s/spec)
kagome/zigzag/N14 density 0.0050: 50 spectra (caroli) in 29.40s (wall 0.5881 s/spec, worker compute median 1.0274 s/spec)
kagome/zigzag/N14 density 0.0100: 50 spectra (caroli) in 28.49s (wall 0.5699 s/spec, worker compute median 1.0420 s/spec)
kagome/zigzag/N14 density 0.0200: 50 spectra (caroli) in 28.16s (wall 0.5632 s/spec, worker compute median 1.0313 s/spec)
kagome/zigzag/N14 density 0.0400: 50 spectra (caroli) in 27.91s (wall 0.5581 s/spec, worker compute median 1.0420 s/spec)
lieb/strip/N7 density 0.0048: 50 spectra (caroli) in 23.96s (wall 0.4793 s/spec, worker compute median 0.3593 s/spec)
lieb/strip/N7 density 0.0100: 50 spectra (caroli) in 25.53s (wall 0.5106 s/spec, worker compute median 0.3613 s/spec)
lieb/strip/N7 density 0.0200: 50 spectra (caroli) in 24.97s (wall 0.4994 s/spec, worker compute median 0.3674 s/spec)
lieb/strip/N7 density 0.0400: 50 spectra (caroli) in 24.61s (wall 0.4923 s/spec, worker compute median 0.3701 s/spec)
lieb/strip/N9 density 0.0052: 50 spectra (caroli) in 25.68s (wall 0.5137 s/spec, worker compute median 0.5680 s/spec)
lieb/strip/N9 density 0.0100: 50 spectra (caroli) in 26.12s (wall 0.5223 s/spec, worker compute median 0.5823 s/spec)
lieb/strip/N9 density 0.0200: 50 spectra (caroli) in 26.38s (wall 0.5275 s/spec, worker compute median 0.5954 s/spec)
lieb/strip/N9 density 0.0400: 50 spectra (caroli) in 26.23s (wall 0.5245 s/spec, worker compute median 0.5929 s/spec)
lieb/strip/N14 density 0.0050: 50 spectra (caroli) in 31.10s (wall 0.6219 s/spec, worker compute median 1.4650 s/spec)
lieb/strip/N14 density 0.0100: 50 spectra (caroli) in 31.21s (wall 0.6241 s/spec, worker compute median 1.4537 s/spec)
lieb/strip/N14 density 0.0200: 50 spectra (caroli) in 30.50s (wall 0.6100 s/spec, worker compute median 1.4607 s/spec)
lieb/strip/N14 density 0.0400: 50 spectra (caroli) in 31.14s (wall 0.6227 s/spec, worker compute median 1.4560 s/spec)
checkerboard/strip/N7 density 0.0050: 50 spectra (caroli) in 24.38s (wall 0.4875 s/spec, worker compute median 0.4175 s/spec)
checkerboard/strip/N7 density 0.0100: 50 spectra (caroli) in 25.61s (wall 0.5123 s/spec, worker compute median 0.4119 s/spec)
checkerboard/strip/N7 density 0.0200: 50 spectra (caroli) in 24.49s (wall 0.4898 s/spec, worker compute median 0.4155 s/spec)
checkerboard/strip/N7 density 0.0400: 50 spectra (caroli) in 24.67s (wall 0.4935 s/spec, worker compute median 0.4219 s/spec)
checkerboard/strip/N9 density 0.0050: 50 spectra (caroli) in 26.83s (wall 0.5366 s/spec, worker compute median 0.7088 s/spec)
checkerboard/strip/N9 density 0.0100: 50 spectra (caroli) in 26.50s (wall 0.5299 s/spec, worker compute median 0.7183 s/spec)
checkerboard/strip/N9 density 0.0200: 50 spectra (caroli) in 27.10s (wall 0.5420 s/spec, worker compute median 0.7266 s/spec)
checkerboard/strip/N9 density 0.0400: 50 spectra (caroli) in 26.09s (wall 0.5219 s/spec, worker compute median 0.7257 s/spec)
checkerboard/strip/N14 density 0.0050: 50 spectra (caroli) in 34.45s (wall 0.6889 s/spec, worker compute median 2.0653 s/spec)
checkerboard/strip/N14 density 0.0100: 50 spectra (caroli) in 34.77s (wall 0.6954 s/spec, worker compute median 2.1070 s/spec)
checkerboard/strip/N14 density 0.0200: 50 spectra (caroli) in 34.68s (wall 0.6936 s/spec, worker compute median 2.0718 s/spec)
checkerboard/strip/N14 density 0.0400: 50 spectra (caroli) in 35.43s (wall 0.7086 s/spec, worker compute median 2.1054 s/spec)
wse2/zigzag/N14 density 0.0050: 50 spectra (caroli) in 31.91s (wall 0.6382 s/spec, worker compute median 1.3570 s/spec)
wse2/zigzag/N14 density 0.0100: 50 spectra (caroli) in 32.48s (wall 0.6495 s/spec, worker compute median 1.4259 s/spec)
wse2/zigzag/N14 density 0.0200: 50 spectra (caroli) in 31.92s (wall 0.6384 s/spec, worker compute median 1.4700 s/spec)
wse2/zigzag/N14 density 0.0400: 50 spectra (caroli) in 33.41s (wall 0.6683 s/spec, worker compute median 1.4718 s/spec)
