hbn/armchair/N7 density 0.0050: 50 spectra (caroli) in 24.49s (wall 0.4897 s/spec, worker compute median 0.6307 s/spec)
hbn/armchair/N7 density 0.0100: 50 spectra (caroli) in 22.73s (wall 0.4546 s/spec, worker compute median 0.6449 s/spec)
hbn/armchair/N7 density 0.0200: 50 spectra (caroli) in 23.63s (wall 0.4726 s/spec, worker compute median 0.6995 s/spec)
hbn/armchair/N7 density 0.0400: 50 spectra (caroli) in 23.97s (wall 0.4793 s/spec, worker compute median 0.8894 s/spec)
hbn/armchair/N9 density 0.0050: 50 spectra (caroli) in 26.12s (wall 0.5224 s/spec, worker compute median 1.0582 s/spec)
hbn/armchair/N9 density 0.0100: 50 spectra (caroli) in 27.57s (wall 0.5514 s/spec, worker compute median 0.7982 s/spec)
hbn/armchair/N9 density 0.0200: 50 spectra (caroli) in 28.04s (wall 0.5608 s/spec, worker compute median 0.7957 s/spec)
hbn/armchair/N9 density 0.0400: 50 spectra (caroli) in 27.35s (wall 0.5469 s/spec, worker compute median 0.7891 s/spec)
hbn/armchair/N14 density 0.0050: 50 spectra (caroli) in 33.57s (wall 0.6714 s/spec, worker compute median 1.7471 s/spec)
hbn/armchair/N14 density 0.0100: 50 spectra (caroli) in 33.42s (wall 0.6684 s/spec, worker compute median 1.7536 s/spec)
hbn/armchair/N14 density 0.0200: 50 spectra (caroli) in 34.77s (wall 0.6954 s/spec, worker compute median 1.8005 s/spec)
hbn/armchair/N14 density 0.0400: 50 spectra (caroli) in 34.57s (wall 0.6914 s/spec, worker compute median 1.7820 s/spec)
hbn/armchair/N27 density 0.0050: 50 spectra (caroli) in 77.49s (wall 1.5498 s/spec, worker compute median 10.1492 s/spec)
hbn/armchair/N27 density 0.0100: 50 spectra (caroli) in 80.19s (wall 1.6038 s/spec, worker compute median 10.4603 s/spec)
hbn/armchair/N27 density 0.0200: 50 spectra (caroli) in 82.15s (wall 1.6429 s/spec, worker compute median 10.6803 s/spec)
hbn/armchair/N27 density 0.0400: 50 spectra (caroli) in 80.44s (wall 1.6088 s/spec, worker compute median 10.4385 s/spec)
hbn/zigzag/N7 density 0.0050: 50 spectra (caroli) in 27.13s (wall 0.5426 s/spec, worker compute median 0.6451 s/spec)
hbn/zigzag/N7 density 0.0100: 50 spectra (caroli) in 27.35s (wall 0.5471 s/spec, worker compute median 0.6451 s/spec)
hbn/zigzag/N7 density 0.0200: 50 spectra (caroli) in 28.04s (wall 0.5608 s/spec, worker compute median 0.6682 s/spec)
hbn/zigzag/N7 density 0.0400: 50 spectra (caroli) in 28.71s (wall 0.5743 s/spec, worker compute median 0.6835 s/spec)
hbn/zigzag/N9 density 0.0050: 50 spectra (caroli) in 28.72s (wall 0.5744 s/spec, worker compute median 0.8777 s/spec)
hbn/zigzag/N9 density 0.0100: 50 spectra (caroli) in 29.47s (wall 0.5894 s/spec, worker compute median 0.8849 s/spec)
hbn/zigzag/N9 density 0.0200: 50 spectra (caroli) in 28.39s (wall 0.5679 s/spec, worker compute median 0.8942 s/spec)
hbn/zigzag/N9 density 0.0400: 50 spectra (caroli) in 29.01s (wall 0.5801 s/spec, worker compute median 0.8565 s/spec)
hbn/zigzag/N14 density 0.0050: 50 spectra (caroli) in 34.03s (wall 0.6806 s/spec, worker compute median 1.8221 s/spec)
hbn/zigzag/N14 density 0.0100: 50 spectra (caroli) in 34.29s (wall 0.6857 s/spec, worker compute median 1.9510 s/spec)
hbn/zigzag/N14 density 0.0200: 50 spectra (caroli) in 33.91s (wall 0.6782 s/spec, worker compute median 1.8648 s/spec)
hbn/zigzag/N14 density 0.0400: 50 spectra (caroli) in 33.81s (wall 0.6761 s/spec, worker compute median 1.9114 s/spec)
hbn/zigzag/N27 density 0.0050: 50 spectra (caroli) in 77.84s (wall 1.5568 s/spec, worker compute median 10.0679 s/spec)
hbn/zigzag/N27 density 0.0100: 50 spectra (caroli) in 79.45s (wall 1.5891 s/spec, worker compute median 10.1410 s/spec)
hbn/zigzag/N27 density 0.0200: 50 spectra (caroli) in 79.50s (wall 1.5900 s/spec, worker compute median 10.5264 s/spec)
hbn/zigzag/N27 density 0.0400: 50 spectra (caroli) in 79.96s (wall 1.5991 s/spec, worker compute median 10.3586 s/spec)
phosphorene/armchair/N7 density 0.0050: 50 spectra (caroli) in 25.64s (wall 0.5129 s/spec, worker compute median 0.5751 s/spec)
phosphorene/armchair/N7 density 0.0100: 50 spectra (caroli) in 26.69s (wall 0.5337 s/spec, worker compute median 0.5608 s/spec)
phosphorene/armchair/N7 density 0.0200: 50 spectra (caroli) in 25.64s (wall 0.5128 s/spec, worker compute median 0.5686 s/spec)
phosphorene/armchair/N7 density 0.0400: 50 spectra (caroli) in 25.76s (wall 0.5153 s/spec, worker compute median 0.5785 s/spec)
phosphorene/armchair/N9 density 0.0050: 50 spectra (caroli) in 26.30s (wall 0.5261 s/spec, worker compute median 0.7693 s/spec)
phosphorene/armchair/N9 density 0.0100: 50 spectra (caroli) in 25.97s (wall 0.5194 s/spec, worker compute median 0.7641 s/spec)
phosphorene/armchair/N9 density 0.0200: 50 spectra (caroli) in 26.92s (wall 0.5383 s/spec, worker compute median 0.7693 s/spec)
phosphorene/armchair/N9 density 0.0400: 50 spectra (caroli) in 26.56s (wall 0.5312 s/spec, worker compute median 0.7691 s/spec)
phosphorene/armchair/N14 density 0.0050: 50 spectra (caroli) in 32.36s (wall 0.6472 s/spec, worker compute median 1.5928 s/spec)
phosphorene/armchair/N14 density 0.0100: 50 spectra (caroli) in 32.33s (wall 0.6466 s/spec, worker compute median 1.6217 s/spec)
phosphorene/armchair/N14 density 0.0200: 50 spectra (caroli) in 31.35s (wall 0.6270 s/spec, worker compute median 1.6364 s/spec)
phosphorene/armchair/N14 density 0.0400: 50 spectra (caroli) in 32.90s (wall 0.6579 s/spec, worker compute median 1.6655 s/spec)
phosphorene/armchair/N27 density 0.0050: 50 spectra (caroli) in 73.46s (wall 1.4692 s/spec, worker compute median 9.5123 s/spec)
phosphorene/armchair/N27 density 0.0100: 50 spectra (caroli) in 73.53s (wall 1.4706 s/spec, worker compute median 9.6214 s/spec)
phosphorene/armchair/N27 density 0.0200: 50 spectra (caroli) in 74.13s (wall 1.4826 s/spec, worker compute median 9.4555 s/spec)
phosphorene/armchair/N27 density 0.0400: 50 spectra (caroli) in 75.04s (wall 1.5008 s/spec, worker compute median 9.4702 s/spec)
phosphorene/zigzag/N7 density 0.0050: 50 spectra (caroli) in 25.50s (wall 0.5101 s/spec, worker compute median 0.5704 s/spec)
phosphorene/zigzag/N7 density 0.0100: 50 spectra (caroli) in 25.87s (wall 0.5175 s/spec, worker compute median 0.5662 s/spec)
phosphorene/zigzag/N7 density 0.0200: 50 spectra (caroli) in 26.34s (wall 0.5269 s/spec, worker compute median 0.5648 s/spec)
phosphorene/zigzag/N7 density 0.0400: 50 spectra (caroli) in 26.06s (wall 0.5211 s/spec, worker compute median 0.5646 s/spec)
phosphorene/zigzag/N9 density 0.0050: 50 spectra (caroli) in 26.59s (wall 0.5318 s/spec, worker compute median 0.7666 s/spec)
phosphorene/zigzag/N9 density 0.0100: 50 spectra (caroli) in 26.55s (wall 0.5310 s/spec, worker compute median 0.7793 s/spec)
phosphorene/zigzag/N9 density 0.0200: 50 spectra (caroli) in 26.60s (wall 0.5321 s/spec, worker compute median 0.7695 s/spec)
phosphorene/zigzag/N9 density 0.0400: 50 spectra (caroli) in 26.95s (wall 0.5391 s/spec, worker compute median 0.7931 s/spec)
phosphorene/zigzag/N14 density 0.0050: 50 spectra (caroli) in 32.13s (wall 0.6426 s/spec, worker compute median 1.6084 s/spec)
phosphorene/zigzag/N14 density 0.0100: 50 spectra (caroli) in 32.56s (wall 0.6512 s/spec, worker compute median 1.6224 s/spec)
phosphorene/zigzag/N14 density 0.0200: 50 spectra (caroli) in 32.23s (wall 0.6446 s/spec, worker compute median 1.6134 s/spec)
phosphorene/zigzag/N14 density 0.0400: 50 spectra (caroli) in 32.13s (wall 0.6426 s/spec, worker compute median 1.6191 s/spec)
phosphorene/zigzag/N27 density 0.0050: 50 spectra (caroli) in 72.04s (wall 1.4408 s/spec, worker compute median 9.3457 s/spec)
phosphorene/zigzag/N27 density 0.0100: 50 spectra (caroli) in 73.66s (wall 1.4731 s/spec, worker compute median 9.5041 s/spec)
phosphorene/zigzag/N27 density 0.0200: 50 spectra (caroli) in 75.15s (wall 1.5031 s/spec, worker compute median 9.5664 s/spec)
phosphorene/zigzag/N27 density 0.0400: 50 spectra (caroli) in 73.48s (wall 1.4695 s/spec, worker compute median 9.3932 s/spec)
mos2/armchair/N7 density 0.0050: 50 spectra (caroli) in 30.33s (wall 0.6067 s/spec, worker compute median 1.4106 s/spec)
mos2/armchair/N7 density 0.0100: 50 spectra (caroli) in 31.02s (wall 0.6204 s/spec, worker compute median 1.4248 s/spec)
mos2/armchair/N7 density 0.0200: 50 spectra (caroli) in 30.35s (wall 0.6070 s/spec, worker compute median 1.4262 s/spec)
mos2/armchair/N7 density 0.0400: 50 spectra (caroli) in 30.89s (wall 0.6178 s/spec, worker compute median 1.4122 s/spec)
mos2/armchair/N9 density 0.0050: 50 spectra (caroli) in 39.86s (wall 0.7972 s/spec, worker compute median 3.1014 s/spec)
mos2/armchair/N9 density 0.0100: 50 spectra (caroli) in 40.25s (wall 0.8051 s/spec, worker compute median 3.1369 s/spec)
mos2/armchair/N9 density 0.0200: 50 spectra (caroli) in 39.52s (wall 0.7903 s/spec, worker compute median 3.3885 s/spec)
mos2/armchair/N9 density 0.0400: 50 spectra (caroli) in 40.19s (wall 0.8038 s/spec, worker compute median 3.0344 s/spec)
mos2/armchair/N14 density 0.0050: 50 spectra (caroli) in 82.97s (wall 1.6594 s/spec, worker compute median 11.1736 s/spec)
mos2/armchair/N14 density 0.0100: 50 spectra (caroli) in 84.22s (wall 1.6844 s/spec, worker compute median 11.2175 s/spec)
mos2/armchair/N14 density 0.0200: 50 spectra (caroli) in 84.10s (wall 1.6819 s/spec, worker compute median 11.0473 s/spec)
mos2/armchair/N14 density 0.0400: 50 spectra (caroli) in 83.39s (wall 1.6678 s/spec, worker compute median 11.0997 s/spec)
mos2/armchair/N27 density 0.0050: 50 spectra (caroli) in 440.38s (wall 8.8077 s/spec, worker compute median 78.1194 s/spec)
mos2/armchair/N27 density 0.0100: 50 spectra (caroli) in 449.93s (wall 8.9986 s/spec, worker compute median 76.9569 s/spec)
mos2/armchair/N27 density 0.0200: 50 spectra (caroli) in 452.63s (wall 9.0526 s/spec, worker compute median 80.0554 s/spec)
mos2/armchair/N27 density 0.0400: 50 spectra (caroli) in 438.57s (wall 8.7715 s/spec, worker compute median 81.4242 s/spec)
mos2/zigzag/N7 density 0.0057: 50 spectra (caroli) in 25.17s (wall 0.5034 s/spec, worker compute median 0.3571 s/spec)
mos2/zigzag/N7 density 0.0100: 50 spectra (caroli) in 24.34s (wall 0.4869 s/spec, worker compute median 0.3583 s/spec)
mos2/zigzag/N7 density 0.0200: 50 spectra (caroli) in 24.63s (wall 0.4927 s/spec, worker compute median 0.3575 s/spec)
mos2/zigzag/N7 density 0.0400: 50 spectra (caroli) in 24.35s (wall 0.4871 s/spec, worker compute median 0.3593 s/spec)
mos2/zigzag/N9 density 0.0044: 50 spectra (caroli) in 25.04s (wall 0.5008 s/spec, worker compute median 0.5642 s/spec)
mos2/zigzag/N9 density 0.0100: 50 spectra (caroli) in 25.94s (wall 0.5187 s/spec, worker compute median 0.5711 s/spec)
mos2/zigzag/N9 density 0.0200: 50 spectra (caroli) in 25.91s (wall 0.5182 s/spec, worker compute median 0.5852 s/spec)
mos2/zigzag/N9 density 0.0400: 50 spectra (caroli) in 26.47s (wall 0.5293 s/spec, worker compute median 0.5788 s/spec)
mos2/zigzag/N14 density 0.0050: 50 spectra (caroli) in 30.96s (wall 0.6192 s/spec, worker compute median 1.4169 s/spec)
mos2/zigzag/N14 density 0.0100: 50 spectra (caroli) in 30.99s (wall 0.6197 s/spec, worker compute median 1.4529 s/spec)
mos2/zigzag/N14 density 0.0200: 50 spectra (caroli) in 30.92s (wall 0.6184 s/spec, worker compute median 1.4304 s/spec)
mos2/zigzag/N14 density 0.0400: 50 spectra (caroli) in 31.44s (wall 0.6289 s/spec, worker compute median 1.4141 s/spec)
mos2/zigzag/N27 density 0.0052: 50 spectra (caroli) in 80.35s (wall 1.6071 s/spec, worker compute median 10.5916 s/spec)
mos2/zigzag/N27 density 0.0100: 50 spectra (caroli) in 81.19s (wall 1.6238 s/spec, worker compute median 10.7332 s/spec)
mos2/zigzag/N27 density 0.0200: 50 spectra (caroli) in 81.05s (wall 1.6211 s/spec, worker compute median 10.8112 s/spec)
mos2/zigzag/N27 density 0.0400: 50 spectra (caroli) in 83.09s (wall 1.6617 s/spec, worker compute median 10.6769 s/spec)
triangular/armchair/N7 density 0.0050: 50 spectra (caroli) in 24.12s (wall 0.4823 s/spec, worker compute median 0.2307 s/spec)
triangular/armchair/N7 density 0.0100: 50 spectra (caroli) in 24.82s (wall 0.4964 s/spec, worker compute median 0.2267 s/spec)
triangular/armchair/N7 density 0.0200: 50 spectra (caroli) in 23.87s (wall 0.4774 s/spec, worker compute median 0.2268 s/spec)
triangular/armchair/N7 density 0.0400: 50 spectra (caroli) in 24.42s (wall 0.4883 s/spec, worker compute median 0.2285 s/spec)
triangular/armchair/N9 density 0.0050: 50 spectra (caroli) in 24.55s (wall 0.4909 s/spec, worker compute median 0.3009 s/spec)
triangular/armchair/N9 density 0.0100: 50 spectra (caroli) in 25.18s (wall 0.5037 s/spec, worker compute median 0.3072 s/spec)
triangular/armchair/N9 density 0.0200: 50 spectra (caroli) in 24.65s (wall 0.4930 s/spec, worker compute median 0.3098 s/spec)
triangular/armchair/N9 density 0.0400: 50 spectra (caroli) in 24.83s (wall 0.4966 s/spec, worker compute median 0.3142 s/spec)
triangular/armchair/N14 density 0.0050: 50 spectra (caroli) in 26.31s (wall 0.5262 s/spec, worker compute median 0.6742 s/spec)
triangular/armchair/N14 density 0.0100: 50 spectra (caroli) in 25.25s (wall 0.5051 s/spec, worker compute median 0.6730 s/spec)
triangular/armchair/N14 density 0.0200: 50 spectra (caroli) in 26.36s (wall 0.5273 s/spec, worker compute median 0.6558 s/spec)
triangular/armchair/N14 density 0.0400: 50 spectra (caroli) in 25.28s (wall 0.5056 s/spec, worker compute median 0.7225 s/spec)
triangular/armchair/N27 density 0.0050: 50 spectra (caroli) in 46.46s (wall 0.9292 s/spec, worker compute median 4.1869 s/spec)
triangular/armchair/N27 density 0.0100: 50 spectra (caroli) in 42.07s (wall 0.8413 s/spec, worker compute median 3.8788 s/spec)
triangular/armchair/N27 density 0.0200: 50 spectra (caroli) in 42.21s (wall 0.8442 s/spec, worker compute median 3.9415 s/spec)
triangular/armchair/N27 density 0.0400: 50 spectra (caroli) in 42.81s (wall 0.8562 s/spec, worker compute median 3.5603 s/spec)
triangular/zigzag/N7 density 0.0057: 50 spectra (caroli) in 23.16s (wall 0.4631 s/spec, worker compute median 0.1438 s/spec)
triangular/zigzag/N7 density 0.0100: 50 spectra (caroli) in 23.63s (wall 0.4727 s/spec, worker compute median 0.1449 s/spec)
triangular/zigzag/N7 density 0.0200: 50 spectra (caroli) in 24.30s (wall 0.4860 s/spec, worker compute median 0.1485 s/spec)
triangular/zigzag/N7 density 0.0400: 50 spectra (caroli) in 23.11s (wall 0.4623 s/spec, worker compute median 0.1433 s/spec)
triangular/zigzag/N9 density 0.0044: 50 spectra (caroli) in 22.70s (wall 0.4541 s/spec, worker compute median 0.1633 s/spec)
triangular/zigzag/N9 density 0.0100: 50 spectra (caroli) in 22.95s (wall 0.4590 s/spec, worker compute median 0.1639 s/spec)
triangular/zigzag/N9 density 0.0200: 50 spectra (caroli) in 23.27s (wall 0.4655 s/spec, worker compute median 0.1641 s/spec)
triangular/zigzag/N9 density 0.0400: 50 spectra (caroli) in 23.65s (wall 0.4730 s/spec, worker compute median 0.1678 s/spec)
triangular/zigzag/N14 density 0.0050: 50 spectra (caroli) in 24.05s (wall 0.4810 s/spec, worker compute median 0.2301 s/spec)
triangular/zigzag/N14 density 0.0100: 50 spectra (caroli) in 24.08s (wall 0.4815 s/spec, worker compute median 0.2299 s/spec)
triangular/zigzag/N14 density 0.0200: 50 spectra (caroli) in 25.01s (wall 0.5001 s/spec, worker compute median 0.2378 s/spec)
triangular/zigzag/N14 density 0.0400: 50 spectra (caroli) in 24.61s (wall 0.4921 s/spec, worker compute median 0.2312 s/spec)
triangular/zigzag/N27 density 0.0052: 50 spectra (caroli) in 26.70s (wall 0.5339 s/spec, worker compute median 0.6282 s/spec)
triangular/zigzag/N27 density 0.0100: 50 spectra (caroli) in 26.96s (wall 0.5392 s/spec, worker compute median 0.6257 s/spec)
triangular/zigzag/N27 density 0.0200: 50 spectra (caroli) in 25.88s (wall 0.5175 s/spec, worker compute median 0.6271 s/spec)
triangular/zigzag/N27 density 0.0400: 50 spectra (caroli) in 26.54s (wall 0.5308 s/spec, worker compute median 0.6297 s/spec)
