[meaning] physics step     1 train 6.2466 val 6.2497
[meaning] physics step   250 train 5.2368 val 5.2348
[meaning] physics step   500 train 5.2213 val 5.2210
[meaning] physics step   750 train 5.2170 val 5.2166
[meaning] physics step  1000 train 5.2143 val 5.2143
[meaning] physics step  1250 train 5.2132 val 5.2134
[meaning] physics step  1500 train 5.2120 val 5.2125
[meaning] physics step  1750 train 5.2113 val 5.2120
[meaning] physics step  2000 train 5.2115 val 5.2117
[meaning] physics step  2250 train 5.2113 val 5.2116
[meaning] physics step  2500 train 5.2111 val 5.2115
[meaning] multiscale step     1 train 6.7294 val 6.7255
[meaning] multiscale step   250 train 6.6637 val 6.6638
[meaning] multiscale step   500 train 6.6598 val 6.6598
[meaning] multiscale step   750 train 6.6583 val 6.6584
[meaning] multiscale step  1000 train 6.6579 val 6.6579
[meaning] multiscale step  1250 train 6.6577 val 6.6577
[meaning] multiscale step  1500 train 6.6576 val 6.6576
[meaning] multiscale step  1750 train 6.6575 val 6.6575
[meaning] multiscale step  2000 train 6.6575 val 6.6575
[meaning] multiscale step  2250 train 6.6575 val 6.6575
[meaning] multiscale step  2500 train 6.6575 val 6.6575
[meaning] stress step     1 train 6.2446 val 6.3050
[meaning] stress step   250 train 3.3084 val 3.3108
[meaning] stress step   500 train 3.2825 val 3.2801
[meaning] stress step   750 train 3.2620 val 3.2606
[meaning] stress step  1000 train 3.2534 val 3.2529
[meaning] stress step  1250 train 3.2475 val 3.2465
[meaning] stress step  1500 train 3.2434 val 3.2431
[meaning] stress step  1750 train 3.2403 val 3.2408
[meaning] stress step  2000 train 3.2410 val 3.2398
[meaning] stress step  2250 train 3.2400 val 3.2391
[meaning] stress step  2500 train 3.2396 val 3.2389
[meaning-v2] hidden hbn: {"AE (atlas_v5m loo)": {"known_identification_pct": 99.99, "median_spearman_hidden_ribbons": 0.809, "material_agreement_pct": 100.0, "min_auroc_vs_known": 0.9699, "square_spearman": 0.916, "square_auroc_vs_known": 1.0}, "physics": {"known_identification_pct": 100.0, "median_spearman_hidden_ribbons": 0.986, "material_agreement_pct": 100.0, "min_auroc_vs_known": 1.0, "square_spearman": 0.644, "square_auroc_vs_known": 1.0}, "multiscale": {"known_identification_pct": 100.0, "median_spearman_hidden_ribbons": 0.962, "material_agreement_pct": 100.0, "min_auroc_vs_known": 1.0, "square_spearman": 0.72, "square_auroc_vs_known": 1.0}, "stress": {"known_identification_pct": 100.0, "median_spearman_hidden_ribbons": 0.55, "material_agreement_pct": 100.0, "min_auroc_vs_known": 1.0, "square_spearman": 0.244, "square_auroc_vs_known": 1.0}}
[meaning] physics step     1 train 6.3075 val 6.3419
[meaning] physics step   250 train 5.1556 val 5.1553
[meaning] physics step   500 train 5.1374 val 5.1380
[meaning] physics step   750 train 5.1348 val 5.1346
[meaning] physics step  1000 train 5.1324 val 5.1307
[meaning] physics step  1250 train 5.1298 val 5.1298
[meaning] physics step  1500 train 5.1282 val 5.1287
[meaning] physics step  1750 train 5.1277 val 5.1274
[meaning] physics step  2000 train 5.1271 val 5.1271
[meaning] physics step  2250 train 5.1261 val 5.1269
[meaning] physics step  2500 train 5.1270 val 5.1268
[meaning] multiscale step     1 train 6.7758 val 6.7663
[meaning] multiscale step   250 train 6.7047 val 6.7046
[meaning] multiscale step   500 train 6.7005 val 6.7006
[meaning] multiscale step   750 train 6.6988 val 6.6986
[meaning] multiscale step  1000 train 6.6983 val 6.6981
[meaning] multiscale step  1250 train 6.6980 val 6.6978
[meaning] multiscale step  1500 train 6.6978 val 6.6977
[meaning] multiscale step  1750 train 6.6977 val 6.6977
[meaning] multiscale step  2000 train 6.6977 val 6.6976
[meaning] multiscale step  2250 train 6.6976 val 6.6976
[meaning] multiscale step  2500 train 6.6977 val 6.6976
[meaning] stress step     1 train 6.3244 val 6.4228
[meaning] stress step   250 train 3.3241 val 3.3173
[meaning] stress step   500 train 3.2667 val 3.2643
[meaning] stress step   750 train 3.2490 val 3.2476
[meaning] stress step  1000 train 3.2411 val 3.2356
[meaning] stress step  1250 train 3.2307 val 3.2290
[meaning] stress step  1500 train 3.2258 val 3.2255
[meaning] stress step  1750 train 3.2245 val 3.2235
[meaning] stress step  2000 train 3.2241 val 3.2218
[meaning] stress step  2250 train 3.2213 val 3.2213
[meaning] stress step  2500 train 3.2219 val 3.2211
[meaning-v2] hidden mos2: {"AE (atlas_v5m loo)": {"known_identification_pct": 99.98, "median_spearman_hidden_ribbons": 0.811, "material_agreement_pct": 50.0, "min_auroc_vs_known": 1.0, "square_spearman": 0.911, "square_auroc_vs_known": 1.0}, "physics": {"known_identification_pct": 100.0, "median_spearman_hidden_ribbons": 0.876, "material_agreement_pct": 83.3, "min_auroc_vs_known": 1.0, "square_spearman": 0.809, "square_auroc_vs_known": 1.0}, "multiscale": {"known_identification_pct": 99.98, "median_spearman_hidden_ribbons": 0.74, "material_agreement_pct": 100.0, "min_auroc_vs_known": 1.0, "square_spearman": 0.803, "square_auroc_vs_known": 1.0}, "stress": {"known_identification_pct": 100.0, "median_spearman_hidden_ribbons": 0.579, "material_agreement_pct": 100.0, "min_auroc_vs_known": 1.0, "square_spearman": 0.466, "square_auroc_vs_known": 1.0}}
[meaning] physics step     1 train 6.1731 val 6.2129
[meaning] physics step   250 train 4.9316 val 4.9341
[meaning] physics step   500 train 4.9145 val 4.9140
[meaning] physics step   750 train 4.9091 val 4.9094
[meaning] physics step  1000 train 4.9062 val 4.9072
[meaning] physics step  1250 train 4.9059 val 4.9058
[meaning] physics step  1500 train 4.9040 val 4.9051
[meaning] physics step  1750 train 4.9039 val 4.9041
[meaning] physics step  2000 train 4.9033 val 4.9038
[meaning] physics step  2250 train 4.9033 val 4.9036
[meaning] physics step  2500 train 4.9035 val 4.9035
[meaning] multiscale step     1 train 6.7371 val 6.7242
[meaning] multiscale step   250 train 6.6486 val 6.6485
[meaning] multiscale step   500 train 6.6431 val 6.6430
[meaning] multiscale step   750 train 6.6416 val 6.6416
[meaning] multiscale step  1000 train 6.6411 val 6.6410
[meaning] multiscale step  1250 train 6.6407 val 6.6407
[meaning] multiscale step  1500 train 6.6405 val 6.6406
[meaning] multiscale step  1750 train 6.6405 val 6.6405
[meaning] multiscale step  2000 train 6.6404 val 6.6404
[meaning] multiscale step  2250 train 6.6404 val 6.6404
[meaning] multiscale step  2500 train 6.6404 val 6.6404
[meaning] stress step     1 train 6.2025 val 6.3062
[meaning] stress step   250 train 3.2657 val 3.2644
[meaning] stress step   500 train 3.2248 val 3.2210
[meaning] stress step   750 train 3.2053 val 3.2020
[meaning] stress step  1000 train 3.1945 val 3.1929
[meaning] stress step  1250 train 3.1896 val 3.1875
[meaning] stress step  1500 train 3.1831 val 3.1839
[meaning] stress step  1750 train 3.1826 val 3.1818
[meaning] stress step  2000 train 3.1819 val 3.1807
[meaning] stress step  2250 train 3.1813 val 3.1799
[meaning] stress step  2500 train 3.1809 val 3.1798
[meaning-v2] hidden phosphorene: {"AE (atlas_v5m loo)": {"known_identification_pct": 99.98, "median_spearman_hidden_ribbons": 0.88, "material_agreement_pct": 75.0, "min_auroc_vs_known": 0.9939, "square_spearman": 0.856, "square_auroc_vs_known": 0.9999}, "physics": {"known_identification_pct": 100.0, "median_spearman_hidden_ribbons": 0.956, "material_agreement_pct": 100.0, "min_auroc_vs_known": 1.0, "square_spearman": 0.976, "square_auroc_vs_known": 1.0}, "multiscale": {"known_identification_pct": 99.99, "median_spearman_hidden_ribbons": 0.938, "material_agreement_pct": 87.5, "min_auroc_vs_known": 1.0, "square_spearman": 0.901, "square_auroc_vs_known": 1.0}, "stress": {"known_identification_pct": 100.0, "median_spearman_hidden_ribbons": 0.593, "material_agreement_pct": 87.5, "min_auroc_vs_known": 1.0, "square_spearman": 0.463, "square_auroc_vs_known": 1.0}}
[meaning] physics step     1 train 6.3647 val 6.4028
[meaning] physics step   250 train 5.2065 val 5.2087
[meaning] physics step   500 train 5.1906 val 5.1884
[meaning] physics step   750 train 5.1843 val 5.1837
[meaning] physics step  1000 train 5.1793 val 5.1799
[meaning] physics step  1250 train 5.1782 val 5.1781
[meaning] physics step  1500 train 5.1768 val 5.1769
[meaning] physics step  1750 train 5.1758 val 5.1762
[meaning] physics step  2000 train 5.1755 val 5.1759
[meaning] physics step  2250 train 5.1758 val 5.1757
[meaning] physics step  2500 train 5.1754 val 5.1756
[meaning] multiscale step     1 train 6.7214 val 6.7314
[meaning] multiscale step   250 train 6.6759 val 6.6760
[meaning] multiscale step   500 train 6.6714 val 6.6713
[meaning] multiscale step   750 train 6.6703 val 6.6703
[meaning] multiscale step  1000 train 6.6700 val 6.6700
[meaning] multiscale step  1250 train 6.6698 val 6.6698
[meaning] multiscale step  1500 train 6.6696 val 6.6696
[meaning] multiscale step  1750 train 6.6696 val 6.6696
[meaning] multiscale step  2000 train 6.6695 val 6.6695
[meaning] multiscale step  2250 train 6.6695 val 6.6695
[meaning] multiscale step  2500 train 6.6695 val 6.6695
[meaning] stress step     1 train 6.3687 val 6.4550
[meaning] stress step   250 train 3.4389 val 3.4243
[meaning] stress step   500 train 3.3136 val 3.3112
[meaning] stress step   750 train 3.3115 val 3.3078
[meaning] stress step  1000 train 3.2918 val 3.2912
[meaning] stress step  1250 train 3.2873 val 3.2830
[meaning] stress step  1500 train 3.2775 val 3.2781
[meaning] stress step  1750 train 3.2738 val 3.2745
[meaning] stress step  2000 train 3.2748 val 3.2731
[meaning] stress step  2250 train 3.2749 val 3.2721
[meaning] stress step  2500 train 3.2724 val 3.2720
[meaning-v2] hidden triangular: {"AE (atlas_v5m loo)": {"known_identification_pct": 99.98, "median_spearman_hidden_ribbons": 0.639, "material_agreement_pct": 100.0, "min_auroc_vs_known": 0.9999, "square_spearman": 0.725, "square_auroc_vs_known": 1.0}, "physics": {"known_identification_pct": 100.0, "median_spearman_hidden_ribbons": 0.265, "material_agreement_pct": 25.0, "min_auroc_vs_known": 1.0, "square_spearman": -0.127, "square_auroc_vs_known": 1.0}, "multiscale": {"known_identification_pct": 99.99, "median_spearman_hidden_ribbons": 0.394, "material_agreement_pct": 62.5, "min_auroc_vs_known": 1.0, "square_spearman": 0.047, "square_auroc_vs_known": 1.0}, "stress": {"known_identification_pct": 100.0, "median_spearman_hidden_ribbons": 0.003, "material_agreement_pct": 25.0, "min_auroc_vs_known": 1.0, "square_spearman": -0.061, "square_auroc_vs_known": 1.0}}
[meaning-v2] done in 2843s -> /run/media/shardul/storage/machine_learning/transmission_github/transmissions/notebooks/material_atlas/meaning/results/v2/summary.json
